// Jest Snapshot v1, https://goo.gl/fbAQLP

exports[`Function bind 1`] = `
ReactStatistics {
  "componentsEvaluated": 2,
  "evaluatedRootNodes": Array [
    Object {
      "children": Array [
        Object {
          "children": Array [],
          "message": "",
          "name": "Middle",
          "status": "INLINED",
        },
      ],
      "message": "",
      "name": "App",
      "status": "ROOT",
    },
  ],
  "inlinedComponents": 1,
  "optimizedNestedClosures": 0,
  "optimizedTrees": 1,
}
`;

exports[`Function bind 2`] = `
ReactStatistics {
  "componentsEvaluated": 2,
  "evaluatedRootNodes": Array [
    Object {
      "children": Array [
        Object {
          "children": Array [],
          "message": "",
          "name": "Middle",
          "status": "INLINED",
        },
      ],
      "message": "",
      "name": "App",
      "status": "ROOT",
    },
  ],
  "inlinedComponents": 1,
  "optimizedNestedClosures": 0,
  "optimizedTrees": 1,
}
`;

exports[`Function bind 3`] = `
ReactStatistics {
  "componentsEvaluated": 2,
  "evaluatedRootNodes": Array [
    Object {
      "children": Array [
        Object {
          "children": Array [],
          "message": "",
          "name": "Middle",
          "status": "INLINED",
        },
      ],
      "message": "",
      "name": "App",
      "status": "ROOT",
    },
  ],
  "inlinedComponents": 1,
  "optimizedNestedClosures": 0,
  "optimizedTrees": 1,
}
`;

exports[`Function bind 4`] = `
ReactStatistics {
  "componentsEvaluated": 2,
  "evaluatedRootNodes": Array [
    Object {
      "children": Array [
        Object {
          "children": Array [],
          "message": "",
          "name": "Middle",
          "status": "INLINED",
        },
      ],
      "message": "",
      "name": "App",
      "status": "ROOT",
    },
  ],
  "inlinedComponents": 1,
  "optimizedNestedClosures": 0,
  "optimizedTrees": 1,
}
`;

exports[`Hacker News app 1`] = `
ReactStatistics {
  "componentsEvaluated": 7,
  "evaluatedRootNodes": Array [
    Object {
      "children": Array [
        Object {
          "children": Array [
            Object {
              "children": Array [
                Object {
                  "children": Array [],
                  "message": "",
                  "name": "HeaderBar",
                  "status": "INLINED",
                },
                Object {
                  "children": Array [
                    Object {
                      "children": Array [
                        Object {
                          "children": Array [],
                          "message": "",
                          "name": "React.Fragment",
                          "status": "NORMAL",
                        },
                      ],
                      "message": "",
                      "name": "Story",
                      "status": "INLINED",
                    },
                  ],
                  "message": "",
                  "name": "StoryList",
                  "status": "INLINED",
                },
              ],
              "message": "",
              "name": "React.Fragment",
              "status": "NORMAL",
            },
          ],
          "message": "",
          "name": "AppBody",
          "status": "INLINED",
        },
      ],
      "message": "",
      "name": "App",
      "status": "ROOT",
    },
  ],
  "inlinedComponents": 4,
  "optimizedNestedClosures": 1,
  "optimizedTrees": 1,
}
`;

exports[`Hacker News app 2`] = `
ReactStatistics {
  "componentsEvaluated": 7,
  "evaluatedRootNodes": Array [
    Object {
      "children": Array [
        Object {
          "children": Array [
            Object {
              "children": Array [
                Object {
                  "children": Array [],
                  "message": "",
                  "name": "HeaderBar",
                  "status": "INLINED",
                },
                Object {
                  "children": Array [
                    Object {
                      "children": Array [
                        Object {
                          "children": Array [],
                          "message": "",
                          "name": "React.Fragment",
                          "status": "NORMAL",
                        },
                      ],
                      "message": "",
                      "name": "Story",
                      "status": "INLINED",
                    },
                  ],
                  "message": "",
                  "name": "StoryList",
                  "status": "INLINED",
                },
              ],
              "message": "",
              "name": "React.Fragment",
              "status": "NORMAL",
            },
          ],
          "message": "",
          "name": "AppBody",
          "status": "INLINED",
        },
      ],
      "message": "",
      "name": "App",
      "status": "ROOT",
    },
  ],
  "inlinedComponents": 4,
  "optimizedNestedClosures": 1,
  "optimizedTrees": 1,
}
`;

exports[`Hacker News app 3`] = `
ReactStatistics {
  "componentsEvaluated": 7,
  "evaluatedRootNodes": Array [
    Object {
      "children": Array [
        Object {
          "children": Array [
            Object {
              "children": Array [
                Object {
                  "children": Array [],
                  "message": "",
                  "name": "HeaderBar",
                  "status": "INLINED",
                },
                Object {
                  "children": Array [
                    Object {
                      "children": Array [
                        Object {
                          "children": Array [],
                          "message": "",
                          "name": "React.Fragment",
                          "status": "NORMAL",
                        },
                      ],
                      "message": "",
                      "name": "Story",
                      "status": "INLINED",
                    },
                  ],
                  "message": "",
                  "name": "StoryList",
                  "status": "INLINED",
                },
              ],
              "message": "",
              "name": "React.Fragment",
              "status": "NORMAL",
            },
          ],
          "message": "",
          "name": "AppBody",
          "status": "INLINED",
        },
      ],
      "message": "",
      "name": "App",
      "status": "ROOT",
    },
  ],
  "inlinedComponents": 4,
  "optimizedNestedClosures": 1,
  "optimizedTrees": 1,
}
`;

exports[`Hacker News app 4`] = `
ReactStatistics {
  "componentsEvaluated": 7,
  "evaluatedRootNodes": Array [
    Object {
      "children": Array [
        Object {
          "children": Array [
            Object {
              "children": Array [
                Object {
                  "children": Array [],
                  "message": "",
                  "name": "HeaderBar",
                  "status": "INLINED",
                },
                Object {
                  "children": Array [
                    Object {
                      "children": Array [
                        Object {
                          "children": Array [],
                          "message": "",
                          "name": "React.Fragment",
                          "status": "NORMAL",
                        },
                      ],
                      "message": "",
                      "name": "Story",
                      "status": "INLINED",
                    },
                  ],
                  "message": "",
                  "name": "StoryList",
                  "status": "INLINED",
                },
              ],
              "message": "",
              "name": "React.Fragment",
              "status": "NORMAL",
            },
          ],
          "message": "",
          "name": "AppBody",
          "status": "INLINED",
        },
      ],
      "message": "",
      "name": "App",
      "status": "ROOT",
    },
  ],
  "inlinedComponents": 4,
  "optimizedNestedClosures": 1,
  "optimizedTrees": 1,
}
`;

exports[`fb-www 1`] = `
ReactStatistics {
  "componentsEvaluated": 1,
  "evaluatedRootNodes": Array [
    Object {
      "children": Array [
        Object {
          "children": Array [],
          "message": "",
          "name": "QueryRenderer",
          "status": "RENDER_PROPS",
        },
      ],
      "message": "",
      "name": "App",
      "status": "ROOT",
    },
  ],
  "inlinedComponents": 0,
  "optimizedNestedClosures": 1,
  "optimizedTrees": 1,
}
`;

exports[`fb-www 2`] = `
ReactStatistics {
  "componentsEvaluated": 1,
  "evaluatedRootNodes": Array [
    Object {
      "children": Array [
        Object {
          "children": Array [],
          "message": "",
          "name": "QueryRenderer",
          "status": "RENDER_PROPS",
        },
      ],
      "message": "",
      "name": "App",
      "status": "ROOT",
    },
  ],
  "inlinedComponents": 0,
  "optimizedNestedClosures": 1,
  "optimizedTrees": 1,
}
`;

exports[`fb-www 2 1`] = `
ReactStatistics {
  "componentsEvaluated": 1,
  "evaluatedRootNodes": Array [
    Object {
      "children": Array [],
      "message": "",
      "name": "Hello",
      "status": "ROOT",
    },
  ],
  "inlinedComponents": 0,
  "optimizedNestedClosures": 0,
  "optimizedTrees": 1,
}
`;

exports[`fb-www 2 2`] = `
ReactStatistics {
  "componentsEvaluated": 1,
  "evaluatedRootNodes": Array [
    Object {
      "children": Array [],
      "message": "",
      "name": "Hello",
      "status": "ROOT",
    },
  ],
  "inlinedComponents": 0,
  "optimizedNestedClosures": 0,
  "optimizedTrees": 1,
}
`;

exports[`fb-www 2 3`] = `
ReactStatistics {
  "componentsEvaluated": 1,
  "evaluatedRootNodes": Array [
    Object {
      "children": Array [],
      "message": "",
      "name": "Hello",
      "status": "ROOT",
    },
  ],
  "inlinedComponents": 0,
  "optimizedNestedClosures": 0,
  "optimizedTrees": 1,
}
`;

exports[`fb-www 2 4`] = `
ReactStatistics {
  "componentsEvaluated": 1,
  "evaluatedRootNodes": Array [
    Object {
      "children": Array [],
      "message": "",
      "name": "Hello",
      "status": "ROOT",
    },
  ],
  "inlinedComponents": 0,
  "optimizedNestedClosures": 0,
  "optimizedTrees": 1,
}
`;

exports[`fb-www 3`] = `
ReactStatistics {
  "componentsEvaluated": 1,
  "evaluatedRootNodes": Array [
    Object {
      "children": Array [
        Object {
          "children": Array [],
          "message": "",
          "name": "QueryRenderer",
          "status": "RENDER_PROPS",
        },
      ],
      "message": "",
      "name": "App",
      "status": "ROOT",
    },
  ],
  "inlinedComponents": 0,
  "optimizedNestedClosures": 1,
  "optimizedTrees": 1,
}
`;

exports[`fb-www 3 1`] = `
ReactStatistics {
  "componentsEvaluated": 0,
  "evaluatedRootNodes": Array [],
  "inlinedComponents": 0,
  "optimizedNestedClosures": 0,
  "optimizedTrees": 0,
}
`;

exports[`fb-www 3 2`] = `
ReactStatistics {
  "componentsEvaluated": 0,
  "evaluatedRootNodes": Array [],
  "inlinedComponents": 0,
  "optimizedNestedClosures": 0,
  "optimizedTrees": 0,
}
`;

exports[`fb-www 3 3`] = `
ReactStatistics {
  "componentsEvaluated": 0,
  "evaluatedRootNodes": Array [],
  "inlinedComponents": 0,
  "optimizedNestedClosures": 0,
  "optimizedTrees": 0,
}
`;

exports[`fb-www 3 4`] = `
ReactStatistics {
  "componentsEvaluated": 0,
  "evaluatedRootNodes": Array [],
  "inlinedComponents": 0,
  "optimizedNestedClosures": 0,
  "optimizedTrees": 0,
}
`;

exports[`fb-www 4`] = `
ReactStatistics {
  "componentsEvaluated": 1,
  "evaluatedRootNodes": Array [
    Object {
      "children": Array [
        Object {
          "children": Array [],
          "message": "",
          "name": "QueryRenderer",
          "status": "RENDER_PROPS",
        },
      ],
      "message": "",
      "name": "App",
      "status": "ROOT",
    },
  ],
  "inlinedComponents": 0,
  "optimizedNestedClosures": 1,
  "optimizedTrees": 1,
}
`;

exports[`fb-www 4 1`] = `
ReactStatistics {
  "componentsEvaluated": 0,
  "evaluatedRootNodes": Array [],
  "inlinedComponents": 0,
  "optimizedNestedClosures": 0,
  "optimizedTrees": 0,
}
`;

exports[`fb-www 4 2`] = `
ReactStatistics {
  "componentsEvaluated": 0,
  "evaluatedRootNodes": Array [],
  "inlinedComponents": 0,
  "optimizedNestedClosures": 0,
  "optimizedTrees": 0,
}
`;

exports[`fb-www 4 3`] = `
ReactStatistics {
  "componentsEvaluated": 0,
  "evaluatedRootNodes": Array [],
  "inlinedComponents": 0,
  "optimizedNestedClosures": 0,
  "optimizedTrees": 0,
}
`;

exports[`fb-www 4 4`] = `
ReactStatistics {
  "componentsEvaluated": 0,
  "evaluatedRootNodes": Array [],
  "inlinedComponents": 0,
  "optimizedNestedClosures": 0,
  "optimizedTrees": 0,
}
`;

exports[`fb-www 5 1`] = `
ReactStatistics {
  "componentsEvaluated": 0,
  "evaluatedRootNodes": Array [],
  "inlinedComponents": 0,
  "optimizedNestedClosures": 0,
  "optimizedTrees": 0,
}
`;

exports[`fb-www 5 2`] = `
ReactStatistics {
  "componentsEvaluated": 0,
  "evaluatedRootNodes": Array [],
  "inlinedComponents": 0,
  "optimizedNestedClosures": 0,
  "optimizedTrees": 0,
}
`;

exports[`fb-www 5 3`] = `
ReactStatistics {
  "componentsEvaluated": 0,
  "evaluatedRootNodes": Array [],
  "inlinedComponents": 0,
  "optimizedNestedClosures": 0,
  "optimizedTrees": 0,
}
`;

exports[`fb-www 5 4`] = `
ReactStatistics {
  "componentsEvaluated": 0,
  "evaluatedRootNodes": Array [],
  "inlinedComponents": 0,
  "optimizedNestedClosures": 0,
  "optimizedTrees": 0,
}
`;

exports[`fb-www 6 1`] = `
ReactStatistics {
  "componentsEvaluated": 0,
  "evaluatedRootNodes": Array [],
  "inlinedComponents": 0,
  "optimizedNestedClosures": 0,
  "optimizedTrees": 0,
}
`;

exports[`fb-www 6 2`] = `
ReactStatistics {
  "componentsEvaluated": 0,
  "evaluatedRootNodes": Array [],
  "inlinedComponents": 0,
  "optimizedNestedClosures": 0,
  "optimizedTrees": 0,
}
`;

exports[`fb-www 6 3`] = `
ReactStatistics {
  "componentsEvaluated": 0,
  "evaluatedRootNodes": Array [],
  "inlinedComponents": 0,
  "optimizedNestedClosures": 0,
  "optimizedTrees": 0,
}
`;

exports[`fb-www 6 4`] = `
ReactStatistics {
  "componentsEvaluated": 0,
  "evaluatedRootNodes": Array [],
  "inlinedComponents": 0,
  "optimizedNestedClosures": 0,
  "optimizedTrees": 0,
}
`;

exports[`fb-www 7 1`] = `
ReactStatistics {
  "componentsEvaluated": 1,
  "evaluatedRootNodes": Array [
    Object {
      "children": Array [],
      "message": "",
      "name": "App",
      "status": "ROOT",
    },
  ],
  "inlinedComponents": 0,
  "optimizedNestedClosures": 0,
  "optimizedTrees": 1,
}
`;

exports[`fb-www 7 2`] = `
ReactStatistics {
  "componentsEvaluated": 1,
  "evaluatedRootNodes": Array [
    Object {
      "children": Array [],
      "message": "",
      "name": "App",
      "status": "ROOT",
    },
  ],
  "inlinedComponents": 0,
  "optimizedNestedClosures": 0,
  "optimizedTrees": 1,
}
`;

exports[`fb-www 7 3`] = `
ReactStatistics {
  "componentsEvaluated": 1,
  "evaluatedRootNodes": Array [
    Object {
      "children": Array [],
      "message": "",
      "name": "App",
      "status": "ROOT",
    },
  ],
  "inlinedComponents": 0,
  "optimizedNestedClosures": 0,
  "optimizedTrees": 1,
}
`;

exports[`fb-www 7 4`] = `
ReactStatistics {
  "componentsEvaluated": 1,
  "evaluatedRootNodes": Array [
    Object {
      "children": Array [],
      "message": "",
      "name": "App",
      "status": "ROOT",
    },
  ],
  "inlinedComponents": 0,
  "optimizedNestedClosures": 0,
  "optimizedTrees": 1,
}
`;

exports[`fb-www 8 1`] = `
ReactStatistics {
  "componentsEvaluated": 3,
  "evaluatedRootNodes": Array [
    Object {
      "children": Array [
        Object {
          "children": Array [],
          "message": "RelayContainer",
          "name": "WrappedApp",
          "status": "NEW_TREE",
        },
      ],
      "message": "",
      "name": "App",
      "status": "ROOT",
    },
  ],
  "inlinedComponents": 0,
  "optimizedNestedClosures": 0,
  "optimizedTrees": 2,
}
`;

exports[`fb-www 8 2`] = `
ReactStatistics {
  "componentsEvaluated": 3,
  "evaluatedRootNodes": Array [
    Object {
      "children": Array [
        Object {
          "children": Array [],
          "message": "RelayContainer",
          "name": "WrappedApp",
          "status": "NEW_TREE",
        },
      ],
      "message": "",
      "name": "App",
      "status": "ROOT",
    },
  ],
  "inlinedComponents": 0,
  "optimizedNestedClosures": 0,
  "optimizedTrees": 2,
}
`;

exports[`fb-www 8 3`] = `
ReactStatistics {
  "componentsEvaluated": 3,
  "evaluatedRootNodes": Array [
    Object {
      "children": Array [
        Object {
          "children": Array [],
          "message": "RelayContainer",
          "name": "WrappedApp",
          "status": "NEW_TREE",
        },
      ],
      "message": "",
      "name": "App",
      "status": "ROOT",
    },
  ],
  "inlinedComponents": 0,
  "optimizedNestedClosures": 0,
  "optimizedTrees": 2,
}
`;

exports[`fb-www 8 4`] = `
ReactStatistics {
  "componentsEvaluated": 3,
  "evaluatedRootNodes": Array [
    Object {
      "children": Array [
        Object {
          "children": Array [],
          "message": "RelayContainer",
          "name": "WrappedApp",
          "status": "NEW_TREE",
        },
      ],
      "message": "",
      "name": "App",
      "status": "ROOT",
    },
  ],
  "inlinedComponents": 0,
  "optimizedNestedClosures": 0,
  "optimizedTrees": 2,
}
`;

exports[`fb-www 9 1`] = `
ReactStatistics {
  "componentsEvaluated": 9,
  "evaluatedRootNodes": Array [
    Object {
      "children": Array [
        Object {
          "children": Array [
            Object {
              "children": Array [
                Object {
                  "children": Array [],
                  "message": "",
                  "name": "B",
                  "status": "INLINED",
                },
                Object {
                  "children": Array [],
                  "message": "",
                  "name": "C",
                  "status": "INLINED",
                },
              ],
              "message": "",
              "name": "React.Fragment",
              "status": "NORMAL",
            },
          ],
          "message": "",
          "name": "A",
          "status": "INLINED",
        },
        Object {
          "children": Array [
            Object {
              "children": Array [
                Object {
                  "children": Array [],
                  "message": "",
                  "name": "B",
                  "status": "INLINED",
                },
                Object {
                  "children": Array [],
                  "message": "",
                  "name": "C",
                  "status": "INLINED",
                },
              ],
              "message": "",
              "name": "React.Fragment",
              "status": "NORMAL",
            },
          ],
          "message": "",
          "name": "A",
          "status": "INLINED",
        },
      ],
      "message": "",
      "name": "App",
      "status": "ROOT",
    },
  ],
  "inlinedComponents": 6,
  "optimizedNestedClosures": 0,
  "optimizedTrees": 1,
}
`;

exports[`fb-www 9 2`] = `
ReactStatistics {
  "componentsEvaluated": 9,
  "evaluatedRootNodes": Array [
    Object {
      "children": Array [
        Object {
          "children": Array [
            Object {
              "children": Array [
                Object {
                  "children": Array [],
                  "message": "",
                  "name": "B",
                  "status": "INLINED",
                },
                Object {
                  "children": Array [],
                  "message": "",
                  "name": "C",
                  "status": "INLINED",
                },
              ],
              "message": "",
              "name": "React.Fragment",
              "status": "NORMAL",
            },
          ],
          "message": "",
          "name": "A",
          "status": "INLINED",
        },
        Object {
          "children": Array [
            Object {
              "children": Array [
                Object {
                  "children": Array [],
                  "message": "",
                  "name": "B",
                  "status": "INLINED",
                },
                Object {
                  "children": Array [],
                  "message": "",
                  "name": "C",
                  "status": "INLINED",
                },
              ],
              "message": "",
              "name": "React.Fragment",
              "status": "NORMAL",
            },
          ],
          "message": "",
          "name": "A",
          "status": "INLINED",
        },
      ],
      "message": "",
      "name": "App",
      "status": "ROOT",
    },
  ],
  "inlinedComponents": 6,
  "optimizedNestedClosures": 0,
  "optimizedTrees": 1,
}
`;

exports[`fb-www 9 3`] = `
ReactStatistics {
  "componentsEvaluated": 9,
  "evaluatedRootNodes": Array [
    Object {
      "children": Array [
        Object {
          "children": Array [
            Object {
              "children": Array [
                Object {
                  "children": Array [],
                  "message": "",
                  "name": "B",
                  "status": "INLINED",
                },
                Object {
                  "children": Array [],
                  "message": "",
                  "name": "C",
                  "status": "INLINED",
                },
              ],
              "message": "",
              "name": "React.Fragment",
              "status": "NORMAL",
            },
          ],
          "message": "",
          "name": "A",
          "status": "INLINED",
        },
        Object {
          "children": Array [
            Object {
              "children": Array [
                Object {
                  "children": Array [],
                  "message": "",
                  "name": "B",
                  "status": "INLINED",
                },
                Object {
                  "children": Array [],
                  "message": "",
                  "name": "C",
                  "status": "INLINED",
                },
              ],
              "message": "",
              "name": "React.Fragment",
              "status": "NORMAL",
            },
          ],
          "message": "",
          "name": "A",
          "status": "INLINED",
        },
      ],
      "message": "",
      "name": "App",
      "status": "ROOT",
    },
  ],
  "inlinedComponents": 6,
  "optimizedNestedClosures": 0,
  "optimizedTrees": 1,
}
`;

exports[`fb-www 9 4`] = `
ReactStatistics {
  "componentsEvaluated": 9,
  "evaluatedRootNodes": Array [
    Object {
      "children": Array [
        Object {
          "children": Array [
            Object {
              "children": Array [
                Object {
                  "children": Array [],
                  "message": "",
                  "name": "B",
                  "status": "INLINED",
                },
                Object {
                  "children": Array [],
                  "message": "",
                  "name": "C",
                  "status": "INLINED",
                },
              ],
              "message": "",
              "name": "React.Fragment",
              "status": "NORMAL",
            },
          ],
          "message": "",
          "name": "A",
          "status": "INLINED",
        },
        Object {
          "children": Array [
            Object {
              "children": Array [
                Object {
                  "children": Array [],
                  "message": "",
                  "name": "B",
                  "status": "INLINED",
                },
                Object {
                  "children": Array [],
                  "message": "",
                  "name": "C",
                  "status": "INLINED",
                },
              ],
              "message": "",
              "name": "React.Fragment",
              "status": "NORMAL",
            },
          ],
          "message": "",
          "name": "A",
          "status": "INLINED",
        },
      ],
      "message": "",
      "name": "App",
      "status": "ROOT",
    },
  ],
  "inlinedComponents": 6,
  "optimizedNestedClosures": 0,
  "optimizedTrees": 1,
}
`;

exports[`fb-www 10 1`] = `
ReactStatistics {
  "componentsEvaluated": 5,
  "evaluatedRootNodes": Array [
    Object {
      "children": Array [
        Object {
          "children": Array [
            Object {
              "children": Array [
                Object {
                  "children": Array [],
                  "message": "",
                  "name": "B",
                  "status": "INLINED",
                },
                Object {
                  "children": Array [],
                  "message": "",
                  "name": "C",
                  "status": "INLINED",
                },
              ],
              "message": "",
              "name": "React.Fragment",
              "status": "NORMAL",
            },
          ],
          "message": "",
          "name": "A",
          "status": "INLINED",
        },
      ],
      "message": "",
      "name": "App",
      "status": "ROOT",
    },
  ],
  "inlinedComponents": 3,
  "optimizedNestedClosures": 0,
  "optimizedTrees": 1,
}
`;

exports[`fb-www 10 2`] = `
ReactStatistics {
  "componentsEvaluated": 5,
  "evaluatedRootNodes": Array [
    Object {
      "children": Array [
        Object {
          "children": Array [
            Object {
              "children": Array [
                Object {
                  "children": Array [],
                  "message": "",
                  "name": "B",
                  "status": "INLINED",
                },
                Object {
                  "children": Array [],
                  "message": "",
                  "name": "C",
                  "status": "INLINED",
                },
              ],
              "message": "",
              "name": "React.Fragment",
              "status": "NORMAL",
            },
          ],
          "message": "",
          "name": "A",
          "status": "INLINED",
        },
      ],
      "message": "",
      "name": "App",
      "status": "ROOT",
    },
  ],
  "inlinedComponents": 3,
  "optimizedNestedClosures": 0,
  "optimizedTrees": 1,
}
`;

exports[`fb-www 10 3`] = `
ReactStatistics {
  "componentsEvaluated": 5,
  "evaluatedRootNodes": Array [
    Object {
      "children": Array [
        Object {
          "children": Array [
            Object {
              "children": Array [
                Object {
                  "children": Array [],
                  "message": "",
                  "name": "B",
                  "status": "INLINED",
                },
                Object {
                  "children": Array [],
                  "message": "",
                  "name": "C",
                  "status": "INLINED",
                },
              ],
              "message": "",
              "name": "React.Fragment",
              "status": "NORMAL",
            },
          ],
          "message": "",
          "name": "A",
          "status": "INLINED",
        },
      ],
      "message": "",
      "name": "App",
      "status": "ROOT",
    },
  ],
  "inlinedComponents": 3,
  "optimizedNestedClosures": 0,
  "optimizedTrees": 1,
}
`;

exports[`fb-www 10 4`] = `
ReactStatistics {
  "componentsEvaluated": 5,
  "evaluatedRootNodes": Array [
    Object {
      "children": Array [
        Object {
          "children": Array [
            Object {
              "children": Array [
                Object {
                  "children": Array [],
                  "message": "",
                  "name": "B",
                  "status": "INLINED",
                },
                Object {
                  "children": Array [],
                  "message": "",
                  "name": "C",
                  "status": "INLINED",
                },
              ],
              "message": "",
              "name": "React.Fragment",
              "status": "NORMAL",
            },
          ],
          "message": "",
          "name": "A",
          "status": "INLINED",
        },
      ],
      "message": "",
      "name": "App",
      "status": "ROOT",
    },
  ],
  "inlinedComponents": 3,
  "optimizedNestedClosures": 0,
  "optimizedTrees": 1,
}
`;

exports[`fb-www 11 1`] = `
ReactStatistics {
  "componentsEvaluated": 13,
  "evaluatedRootNodes": Array [
    Object {
      "children": Array [
        Object {
          "children": Array [
            Object {
              "children": Array [
                Object {
                  "children": Array [],
                  "message": "",
                  "name": "B",
                  "status": "INLINED",
                },
                Object {
                  "children": Array [],
                  "message": "",
                  "name": "C",
                  "status": "INLINED",
                },
              ],
              "message": "",
              "name": "React.Fragment",
              "status": "NORMAL",
            },
          ],
          "message": "",
          "name": "A",
          "status": "INLINED",
        },
        Object {
          "children": Array [
            Object {
              "children": Array [
                Object {
                  "children": Array [],
                  "message": "",
                  "name": "B",
                  "status": "INLINED",
                },
                Object {
                  "children": Array [],
                  "message": "",
                  "name": "C",
                  "status": "INLINED",
                },
              ],
              "message": "",
              "name": "React.Fragment",
              "status": "NORMAL",
            },
          ],
          "message": "",
          "name": "A",
          "status": "INLINED",
        },
        Object {
          "children": Array [
            Object {
              "children": Array [
                Object {
                  "children": Array [],
                  "message": "",
                  "name": "B",
                  "status": "INLINED",
                },
                Object {
                  "children": Array [],
                  "message": "",
                  "name": "C",
                  "status": "INLINED",
                },
              ],
              "message": "",
              "name": "React.Fragment",
              "status": "NORMAL",
            },
          ],
          "message": "",
          "name": "A",
          "status": "INLINED",
        },
      ],
      "message": "",
      "name": "App",
      "status": "ROOT",
    },
  ],
  "inlinedComponents": 9,
  "optimizedNestedClosures": 0,
  "optimizedTrees": 1,
}
`;

exports[`fb-www 11 2`] = `
ReactStatistics {
  "componentsEvaluated": 13,
  "evaluatedRootNodes": Array [
    Object {
      "children": Array [
        Object {
          "children": Array [
            Object {
              "children": Array [
                Object {
                  "children": Array [],
                  "message": "",
                  "name": "B",
                  "status": "INLINED",
                },
                Object {
                  "children": Array [],
                  "message": "",
                  "name": "C",
                  "status": "INLINED",
                },
              ],
              "message": "",
              "name": "React.Fragment",
              "status": "NORMAL",
            },
          ],
          "message": "",
          "name": "A",
          "status": "INLINED",
        },
        Object {
          "children": Array [
            Object {
              "children": Array [
                Object {
                  "children": Array [],
                  "message": "",
                  "name": "B",
                  "status": "INLINED",
                },
                Object {
                  "children": Array [],
                  "message": "",
                  "name": "C",
                  "status": "INLINED",
                },
              ],
              "message": "",
              "name": "React.Fragment",
              "status": "NORMAL",
            },
          ],
          "message": "",
          "name": "A",
          "status": "INLINED",
        },
        Object {
          "children": Array [
            Object {
              "children": Array [
                Object {
                  "children": Array [],
                  "message": "",
                  "name": "B",
                  "status": "INLINED",
                },
                Object {
                  "children": Array [],
                  "message": "",
                  "name": "C",
                  "status": "INLINED",
                },
              ],
              "message": "",
              "name": "React.Fragment",
              "status": "NORMAL",
            },
          ],
          "message": "",
          "name": "A",
          "status": "INLINED",
        },
      ],
      "message": "",
      "name": "App",
      "status": "ROOT",
    },
  ],
  "inlinedComponents": 9,
  "optimizedNestedClosures": 0,
  "optimizedTrees": 1,
}
`;

exports[`fb-www 11 3`] = `
ReactStatistics {
  "componentsEvaluated": 13,
  "evaluatedRootNodes": Array [
    Object {
      "children": Array [
        Object {
          "children": Array [
            Object {
              "children": Array [
                Object {
                  "children": Array [],
                  "message": "",
                  "name": "B",
                  "status": "INLINED",
                },
                Object {
                  "children": Array [],
                  "message": "",
                  "name": "C",
                  "status": "INLINED",
                },
              ],
              "message": "",
              "name": "React.Fragment",
              "status": "NORMAL",
            },
          ],
          "message": "",
          "name": "A",
          "status": "INLINED",
        },
        Object {
          "children": Array [
            Object {
              "children": Array [
                Object {
                  "children": Array [],
                  "message": "",
                  "name": "B",
                  "status": "INLINED",
                },
                Object {
                  "children": Array [],
                  "message": "",
                  "name": "C",
                  "status": "INLINED",
                },
              ],
              "message": "",
              "name": "React.Fragment",
              "status": "NORMAL",
            },
          ],
          "message": "",
          "name": "A",
          "status": "INLINED",
        },
        Object {
          "children": Array [
            Object {
              "children": Array [
                Object {
                  "children": Array [],
                  "message": "",
                  "name": "B",
                  "status": "INLINED",
                },
                Object {
                  "children": Array [],
                  "message": "",
                  "name": "C",
                  "status": "INLINED",
                },
              ],
              "message": "",
              "name": "React.Fragment",
              "status": "NORMAL",
            },
          ],
          "message": "",
          "name": "A",
          "status": "INLINED",
        },
      ],
      "message": "",
      "name": "App",
      "status": "ROOT",
    },
  ],
  "inlinedComponents": 9,
  "optimizedNestedClosures": 0,
  "optimizedTrees": 1,
}
`;

exports[`fb-www 11 4`] = `
ReactStatistics {
  "componentsEvaluated": 13,
  "evaluatedRootNodes": Array [
    Object {
      "children": Array [
        Object {
          "children": Array [
            Object {
              "children": Array [
                Object {
                  "children": Array [],
                  "message": "",
                  "name": "B",
                  "status": "INLINED",
                },
                Object {
                  "children": Array [],
                  "message": "",
                  "name": "C",
                  "status": "INLINED",
                },
              ],
              "message": "",
              "name": "React.Fragment",
              "status": "NORMAL",
            },
          ],
          "message": "",
          "name": "A",
          "status": "INLINED",
        },
        Object {
          "children": Array [
            Object {
              "children": Array [
                Object {
                  "children": Array [],
                  "message": "",
                  "name": "B",
                  "status": "INLINED",
                },
                Object {
                  "children": Array [],
                  "message": "",
                  "name": "C",
                  "status": "INLINED",
                },
              ],
              "message": "",
              "name": "React.Fragment",
              "status": "NORMAL",
            },
          ],
          "message": "",
          "name": "A",
          "status": "INLINED",
        },
        Object {
          "children": Array [
            Object {
              "children": Array [
                Object {
                  "children": Array [],
                  "message": "",
                  "name": "B",
                  "status": "INLINED",
                },
                Object {
                  "children": Array [],
                  "message": "",
                  "name": "C",
                  "status": "INLINED",
                },
              ],
              "message": "",
              "name": "React.Fragment",
              "status": "NORMAL",
            },
          ],
          "message": "",
          "name": "A",
          "status": "INLINED",
        },
      ],
      "message": "",
      "name": "App",
      "status": "ROOT",
    },
  ],
  "inlinedComponents": 9,
  "optimizedNestedClosures": 0,
  "optimizedTrees": 1,
}
`;

exports[`fb-www 12 1`] = `"Failed to render React component root \\"App\\" due to side-effects from throwing exception"`;

exports[`fb-www 13 1`] = `
ReactStatistics {
  "componentsEvaluated": 0,
  "evaluatedRootNodes": Array [],
  "inlinedComponents": 0,
  "optimizedNestedClosures": 0,
  "optimizedTrees": 0,
}
`;

exports[`fb-www 13 2`] = `
ReactStatistics {
  "componentsEvaluated": 0,
  "evaluatedRootNodes": Array [],
  "inlinedComponents": 0,
  "optimizedNestedClosures": 0,
  "optimizedTrees": 0,
}
`;

exports[`fb-www 13 3`] = `
ReactStatistics {
  "componentsEvaluated": 0,
  "evaluatedRootNodes": Array [],
  "inlinedComponents": 0,
  "optimizedNestedClosures": 0,
  "optimizedTrees": 0,
}
`;

exports[`fb-www 13 4`] = `
ReactStatistics {
  "componentsEvaluated": 0,
  "evaluatedRootNodes": Array [],
  "inlinedComponents": 0,
  "optimizedNestedClosures": 0,
  "optimizedTrees": 0,
}
`;

exports[`fb-www 14 1`] = `
ReactStatistics {
  "componentsEvaluated": 4,
  "evaluatedRootNodes": Array [
    Object {
      "children": Array [
        Object {
          "children": Array [
            Object {
              "children": Array [],
              "message": "",
              "name": "Child",
              "status": "INLINED",
            },
          ],
          "message": "RelayContainer",
          "name": "WrappedApp",
          "status": "INLINED",
        },
      ],
      "message": "",
      "name": "App",
      "status": "ROOT",
    },
  ],
  "inlinedComponents": 2,
  "optimizedNestedClosures": 0,
  "optimizedTrees": 1,
}
`;

exports[`fb-www 14 2`] = `
ReactStatistics {
  "componentsEvaluated": 4,
  "evaluatedRootNodes": Array [
    Object {
      "children": Array [
        Object {
          "children": Array [
            Object {
              "children": Array [],
              "message": "",
              "name": "Child",
              "status": "INLINED",
            },
          ],
          "message": "RelayContainer",
          "name": "WrappedApp",
          "status": "INLINED",
        },
      ],
      "message": "",
      "name": "App",
      "status": "ROOT",
    },
  ],
  "inlinedComponents": 2,
  "optimizedNestedClosures": 0,
  "optimizedTrees": 1,
}
`;

exports[`fb-www 14 3`] = `
ReactStatistics {
  "componentsEvaluated": 4,
  "evaluatedRootNodes": Array [
    Object {
      "children": Array [
        Object {
          "children": Array [
            Object {
              "children": Array [],
              "message": "",
              "name": "Child",
              "status": "INLINED",
            },
          ],
          "message": "RelayContainer",
          "name": "WrappedApp",
          "status": "INLINED",
        },
      ],
      "message": "",
      "name": "App",
      "status": "ROOT",
    },
  ],
  "inlinedComponents": 2,
  "optimizedNestedClosures": 0,
  "optimizedTrees": 1,
}
`;

exports[`fb-www 14 4`] = `
ReactStatistics {
  "componentsEvaluated": 4,
  "evaluatedRootNodes": Array [
    Object {
      "children": Array [
        Object {
          "children": Array [
            Object {
              "children": Array [],
              "message": "",
              "name": "Child",
              "status": "INLINED",
            },
          ],
          "message": "RelayContainer",
          "name": "WrappedApp",
          "status": "INLINED",
        },
      ],
      "message": "",
      "name": "App",
      "status": "ROOT",
    },
  ],
  "inlinedComponents": 2,
  "optimizedNestedClosures": 0,
  "optimizedTrees": 1,
}
`;

exports[`fb-www 15 1`] = `"Failed to render React component \\"Outer\\" due to side-effects from mutating the binding \\"result\\""`;

exports[`fb-www 16 1`] = `"Failed to render React component root \\"ViewCount\\" due to side-effects from mutating a property "`;

exports[`fb-www 17 1`] = `
ReactStatistics {
  "componentsEvaluated": 4,
  "evaluatedRootNodes": Array [
    Object {
      "children": Array [
        Object {
          "children": Array [
            Object {
              "children": Array [
                Object {
                  "children": Array [],
                  "message": "",
                  "name": "Inner",
                  "status": "INLINED",
                },
              ],
              "message": "",
              "name": "Middle",
              "status": "INLINED",
            },
          ],
          "message": "",
          "name": "Outer",
          "status": "INLINED",
        },
      ],
      "message": "",
      "name": "App",
      "status": "ROOT",
    },
  ],
  "inlinedComponents": 3,
  "optimizedNestedClosures": 0,
  "optimizedTrees": 1,
}
`;

exports[`fb-www 17 2`] = `
ReactStatistics {
  "componentsEvaluated": 4,
  "evaluatedRootNodes": Array [
    Object {
      "children": Array [
        Object {
          "children": Array [
            Object {
              "children": Array [
                Object {
                  "children": Array [],
                  "message": "",
                  "name": "Inner",
                  "status": "INLINED",
                },
              ],
              "message": "",
              "name": "Middle",
              "status": "INLINED",
            },
          ],
          "message": "",
          "name": "Outer",
          "status": "INLINED",
        },
      ],
      "message": "",
      "name": "App",
      "status": "ROOT",
    },
  ],
  "inlinedComponents": 3,
  "optimizedNestedClosures": 0,
  "optimizedTrees": 1,
}
`;

exports[`fb-www 17 3`] = `
ReactStatistics {
  "componentsEvaluated": 4,
  "evaluatedRootNodes": Array [
    Object {
      "children": Array [
        Object {
          "children": Array [
            Object {
              "children": Array [
                Object {
                  "children": Array [],
                  "message": "",
                  "name": "Inner",
                  "status": "INLINED",
                },
              ],
              "message": "",
              "name": "Middle",
              "status": "INLINED",
            },
          ],
          "message": "",
          "name": "Outer",
          "status": "INLINED",
        },
      ],
      "message": "",
      "name": "App",
      "status": "ROOT",
    },
  ],
  "inlinedComponents": 3,
  "optimizedNestedClosures": 0,
  "optimizedTrees": 1,
}
`;

exports[`fb-www 17 4`] = `
ReactStatistics {
  "componentsEvaluated": 4,
  "evaluatedRootNodes": Array [
    Object {
      "children": Array [
        Object {
          "children": Array [
            Object {
              "children": Array [
                Object {
                  "children": Array [],
                  "message": "",
                  "name": "Inner",
                  "status": "INLINED",
                },
              ],
              "message": "",
              "name": "Middle",
              "status": "INLINED",
            },
          ],
          "message": "",
          "name": "Outer",
          "status": "INLINED",
        },
      ],
      "message": "",
      "name": "App",
      "status": "ROOT",
    },
  ],
  "inlinedComponents": 3,
  "optimizedNestedClosures": 0,
  "optimizedTrees": 1,
}
`;

exports[`fb-www 18 1`] = `"Failed to render React component root \\"App\\" due to side-effects from throwing exception"`;

exports[`fb-www 19 1`] = `"Failed to render React component root \\"App\\" due to side-effects from throwing exception"`;

exports[`fb-www 20 1`] = `
ReactStatistics {
  "componentsEvaluated": 2,
  "evaluatedRootNodes": Array [
    Object {
      "children": Array [
        Object {
          "children": Array [],
          "message": "",
          "name": "Child",
          "status": "INLINED",
        },
      ],
      "message": "",
      "name": "App",
      "status": "ROOT",
    },
  ],
  "inlinedComponents": 1,
  "optimizedNestedClosures": 0,
  "optimizedTrees": 1,
}
`;

exports[`fb-www 20 2`] = `
ReactStatistics {
  "componentsEvaluated": 2,
  "evaluatedRootNodes": Array [
    Object {
      "children": Array [
        Object {
          "children": Array [],
          "message": "",
          "name": "Child",
          "status": "INLINED",
        },
      ],
      "message": "",
      "name": "App",
      "status": "ROOT",
    },
  ],
  "inlinedComponents": 1,
  "optimizedNestedClosures": 0,
  "optimizedTrees": 1,
}
`;

exports[`fb-www 20 3`] = `
ReactStatistics {
  "componentsEvaluated": 2,
  "evaluatedRootNodes": Array [
    Object {
      "children": Array [
        Object {
          "children": Array [],
          "message": "",
          "name": "Child",
          "status": "INLINED",
        },
      ],
      "message": "",
      "name": "App",
      "status": "ROOT",
    },
  ],
  "inlinedComponents": 1,
  "optimizedNestedClosures": 0,
  "optimizedTrees": 1,
}
`;

exports[`fb-www 20 4`] = `
ReactStatistics {
  "componentsEvaluated": 2,
  "evaluatedRootNodes": Array [
    Object {
      "children": Array [
        Object {
          "children": Array [],
          "message": "",
          "name": "Child",
          "status": "INLINED",
        },
      ],
      "message": "",
      "name": "App",
      "status": "ROOT",
    },
  ],
  "inlinedComponents": 1,
  "optimizedNestedClosures": 0,
  "optimizedTrees": 1,
}
`;

exports[`fb-www 21 1`] = `
ReactStatistics {
  "componentsEvaluated": 4,
  "evaluatedRootNodes": Array [
    Object {
      "children": Array [
        Object {
          "children": Array [],
          "message": "",
          "name": "A",
          "status": "INLINED",
        },
        Object {
          "children": Array [],
          "message": "",
          "name": "B",
          "status": "INLINED",
        },
        Object {
          "children": Array [],
          "message": "",
          "name": "C",
          "status": "INLINED",
        },
      ],
      "message": "",
      "name": "App",
      "status": "ROOT",
    },
  ],
  "inlinedComponents": 3,
  "optimizedNestedClosures": 0,
  "optimizedTrees": 1,
}
`;

exports[`fb-www 21 2`] = `
ReactStatistics {
  "componentsEvaluated": 4,
  "evaluatedRootNodes": Array [
    Object {
      "children": Array [
        Object {
          "children": Array [],
          "message": "",
          "name": "A",
          "status": "INLINED",
        },
        Object {
          "children": Array [],
          "message": "",
          "name": "B",
          "status": "INLINED",
        },
        Object {
          "children": Array [],
          "message": "",
          "name": "C",
          "status": "INLINED",
        },
      ],
      "message": "",
      "name": "App",
      "status": "ROOT",
    },
  ],
  "inlinedComponents": 3,
  "optimizedNestedClosures": 0,
  "optimizedTrees": 1,
}
`;

exports[`fb-www 21 3`] = `
ReactStatistics {
  "componentsEvaluated": 4,
  "evaluatedRootNodes": Array [
    Object {
      "children": Array [
        Object {
          "children": Array [],
          "message": "",
          "name": "A",
          "status": "INLINED",
        },
        Object {
          "children": Array [],
          "message": "",
          "name": "B",
          "status": "INLINED",
        },
        Object {
          "children": Array [],
          "message": "",
          "name": "C",
          "status": "INLINED",
        },
      ],
      "message": "",
      "name": "App",
      "status": "ROOT",
    },
  ],
  "inlinedComponents": 3,
  "optimizedNestedClosures": 0,
  "optimizedTrees": 1,
}
`;

exports[`fb-www 21 4`] = `
ReactStatistics {
  "componentsEvaluated": 4,
  "evaluatedRootNodes": Array [
    Object {
      "children": Array [
        Object {
          "children": Array [],
          "message": "",
          "name": "A",
          "status": "INLINED",
        },
        Object {
          "children": Array [],
          "message": "",
          "name": "B",
          "status": "INLINED",
        },
        Object {
          "children": Array [],
          "message": "",
          "name": "C",
          "status": "INLINED",
        },
      ],
      "message": "",
      "name": "App",
      "status": "ROOT",
    },
  ],
  "inlinedComponents": 3,
  "optimizedNestedClosures": 0,
  "optimizedTrees": 1,
}
`;

exports[`fb-www 22 1`] = `
ReactStatistics {
  "componentsEvaluated": 2,
  "evaluatedRootNodes": Array [
    Object {
      "children": Array [
        Object {
          "children": Array [],
          "message": "",
          "name": "React.Fragment",
          "status": "INLINED",
        },
      ],
      "message": "",
      "name": "App",
      "status": "ROOT",
    },
  ],
  "inlinedComponents": 1,
  "optimizedNestedClosures": 0,
  "optimizedTrees": 1,
}
`;

exports[`fb-www 22 2`] = `
ReactStatistics {
  "componentsEvaluated": 2,
  "evaluatedRootNodes": Array [
    Object {
      "children": Array [
        Object {
          "children": Array [],
          "message": "",
          "name": "React.Fragment",
          "status": "INLINED",
        },
      ],
      "message": "",
      "name": "App",
      "status": "ROOT",
    },
  ],
  "inlinedComponents": 1,
  "optimizedNestedClosures": 0,
  "optimizedTrees": 1,
}
`;

exports[`fb-www 22 3`] = `
ReactStatistics {
  "componentsEvaluated": 2,
  "evaluatedRootNodes": Array [
    Object {
      "children": Array [
        Object {
          "children": Array [],
          "message": "",
          "name": "React.Fragment",
          "status": "INLINED",
        },
      ],
      "message": "",
      "name": "App",
      "status": "ROOT",
    },
  ],
  "inlinedComponents": 1,
  "optimizedNestedClosures": 0,
  "optimizedTrees": 1,
}
`;

exports[`fb-www 22 4`] = `
ReactStatistics {
  "componentsEvaluated": 2,
  "evaluatedRootNodes": Array [
    Object {
      "children": Array [
        Object {
          "children": Array [],
          "message": "",
          "name": "React.Fragment",
          "status": "INLINED",
        },
      ],
      "message": "",
      "name": "App",
      "status": "ROOT",
    },
  ],
  "inlinedComponents": 1,
  "optimizedNestedClosures": 0,
  "optimizedTrees": 1,
}
`;

exports[`fb-www 23 1`] = `
ReactStatistics {
  "componentsEvaluated": 4,
  "evaluatedRootNodes": Array [
    Object {
      "children": Array [
        Object {
          "children": Array [],
          "message": "",
          "name": "A",
          "status": "INLINED",
        },
        Object {
          "children": Array [],
          "message": "",
          "name": "B",
          "status": "INLINED",
        },
        Object {
          "children": Array [],
          "message": "",
          "name": "C",
          "status": "INLINED",
        },
      ],
      "message": "",
      "name": "App",
      "status": "ROOT",
    },
  ],
  "inlinedComponents": 3,
  "optimizedNestedClosures": 0,
  "optimizedTrees": 1,
}
`;

exports[`fb-www 23 2`] = `
ReactStatistics {
  "componentsEvaluated": 4,
  "evaluatedRootNodes": Array [
    Object {
      "children": Array [
        Object {
          "children": Array [],
          "message": "",
          "name": "A",
          "status": "INLINED",
        },
        Object {
          "children": Array [],
          "message": "",
          "name": "B",
          "status": "INLINED",
        },
        Object {
          "children": Array [],
          "message": "",
          "name": "C",
          "status": "INLINED",
        },
      ],
      "message": "",
      "name": "App",
      "status": "ROOT",
    },
  ],
  "inlinedComponents": 3,
  "optimizedNestedClosures": 0,
  "optimizedTrees": 1,
}
`;

exports[`fb-www 23 3`] = `
ReactStatistics {
  "componentsEvaluated": 4,
  "evaluatedRootNodes": Array [
    Object {
      "children": Array [
        Object {
          "children": Array [],
          "message": "",
          "name": "A",
          "status": "INLINED",
        },
        Object {
          "children": Array [],
          "message": "",
          "name": "B",
          "status": "INLINED",
        },
        Object {
          "children": Array [],
          "message": "",
          "name": "C",
          "status": "INLINED",
        },
      ],
      "message": "",
      "name": "App",
      "status": "ROOT",
    },
  ],
  "inlinedComponents": 3,
  "optimizedNestedClosures": 0,
  "optimizedTrees": 1,
}
`;

exports[`fb-www 23 4`] = `
ReactStatistics {
  "componentsEvaluated": 4,
  "evaluatedRootNodes": Array [
    Object {
      "children": Array [
        Object {
          "children": Array [],
          "message": "",
          "name": "A",
          "status": "INLINED",
        },
        Object {
          "children": Array [],
          "message": "",
          "name": "B",
          "status": "INLINED",
        },
        Object {
          "children": Array [],
          "message": "",
          "name": "C",
          "status": "INLINED",
        },
      ],
      "message": "",
      "name": "App",
      "status": "ROOT",
    },
  ],
  "inlinedComponents": 3,
  "optimizedNestedClosures": 0,
  "optimizedTrees": 1,
}
`;

exports[`repl example 1`] = `
ReactStatistics {
  "componentsEvaluated": 7,
  "evaluatedRootNodes": Array [
    Object {
      "children": Array [
        Object {
          "children": Array [
            Object {
              "children": Array [],
              "message": "",
              "name": "Yar",
              "status": "INLINED",
            },
          ],
          "message": "",
          "name": "Bar",
          "status": "INLINED",
        },
        Object {
          "children": Array [
            Object {
              "children": Array [],
              "message": "",
              "name": "Yar",
              "status": "INLINED",
            },
          ],
          "message": "",
          "name": "Bar",
          "status": "INLINED",
        },
        Object {
          "children": Array [
            Object {
              "children": Array [],
              "message": "",
              "name": "Yar",
              "status": "INLINED",
            },
          ],
          "message": "",
          "name": "Bar",
          "status": "INLINED",
        },
      ],
      "message": "",
      "name": "Foo",
      "status": "ROOT",
    },
  ],
  "inlinedComponents": 6,
  "optimizedNestedClosures": 0,
  "optimizedTrees": 1,
}
`;

exports[`repl example 2`] = `
ReactStatistics {
  "componentsEvaluated": 7,
  "evaluatedRootNodes": Array [
    Object {
      "children": Array [
        Object {
          "children": Array [
            Object {
              "children": Array [],
              "message": "",
              "name": "Yar",
              "status": "INLINED",
            },
          ],
          "message": "",
          "name": "Bar",
          "status": "INLINED",
        },
        Object {
          "children": Array [
            Object {
              "children": Array [],
              "message": "",
              "name": "Yar",
              "status": "INLINED",
            },
          ],
          "message": "",
          "name": "Bar",
          "status": "INLINED",
        },
        Object {
          "children": Array [
            Object {
              "children": Array [],
              "message": "",
              "name": "Yar",
              "status": "INLINED",
            },
          ],
          "message": "",
          "name": "Bar",
          "status": "INLINED",
        },
      ],
      "message": "",
      "name": "Foo",
      "status": "ROOT",
    },
  ],
  "inlinedComponents": 6,
  "optimizedNestedClosures": 0,
  "optimizedTrees": 1,
}
`;

exports[`repl example 3`] = `
ReactStatistics {
  "componentsEvaluated": 7,
  "evaluatedRootNodes": Array [
    Object {
      "children": Array [
        Object {
          "children": Array [
            Object {
              "children": Array [],
              "message": "",
              "name": "Yar",
              "status": "INLINED",
            },
          ],
          "message": "",
          "name": "Bar",
          "status": "INLINED",
        },
        Object {
          "children": Array [
            Object {
              "children": Array [],
              "message": "",
              "name": "Yar",
              "status": "INLINED",
            },
          ],
          "message": "",
          "name": "Bar",
          "status": "INLINED",
        },
        Object {
          "children": Array [
            Object {
              "children": Array [],
              "message": "",
              "name": "Yar",
              "status": "INLINED",
            },
          ],
          "message": "",
          "name": "Bar",
          "status": "INLINED",
        },
      ],
      "message": "",
      "name": "Foo",
      "status": "ROOT",
    },
  ],
  "inlinedComponents": 6,
  "optimizedNestedClosures": 0,
  "optimizedTrees": 1,
}
`;

exports[`repl example 4`] = `
ReactStatistics {
  "componentsEvaluated": 7,
  "evaluatedRootNodes": Array [
    Object {
      "children": Array [
        Object {
          "children": Array [
            Object {
              "children": Array [],
              "message": "",
              "name": "Yar",
              "status": "INLINED",
            },
          ],
          "message": "",
          "name": "Bar",
          "status": "INLINED",
        },
        Object {
          "children": Array [
            Object {
              "children": Array [],
              "message": "",
              "name": "Yar",
              "status": "INLINED",
            },
          ],
          "message": "",
          "name": "Bar",
          "status": "INLINED",
        },
        Object {
          "children": Array [
            Object {
              "children": Array [],
              "message": "",
              "name": "Yar",
              "status": "INLINED",
            },
          ],
          "message": "",
          "name": "Bar",
          "status": "INLINED",
        },
      ],
      "message": "",
      "name": "Foo",
      "status": "ROOT",
    },
  ],
  "inlinedComponents": 6,
  "optimizedNestedClosures": 0,
  "optimizedTrees": 1,
}
`;
