// Jest Snapshot v1, https://goo.gl/fbAQLP

exports[`createPortal: (JSX => JSX) 1`] = `
ReactStatistics {
  "componentsEvaluated": 3,
  "evaluatedRootNodes": Array [
    Object {
      "children": Array [
        Object {
          "children": Array [
            Object {
              "children": Array [
                Object {
                  "children": Array [],
                  "message": "",
                  "name": "Foo",
                  "status": "INLINED",
                },
              ],
              "message": "",
              "name": "ReactDOM.createPortal",
              "status": "INLINED",
            },
          ],
          "message": "",
          "name": "Child",
          "status": "INLINED",
        },
      ],
      "message": "",
      "name": "App",
      "status": "ROOT",
    },
  ],
  "inlinedComponents": 3,
  "optimizedNestedClosures": 0,
  "optimizedTrees": 1,
}
`;

exports[`createPortal: (JSX => createElement) 1`] = `
ReactStatistics {
  "componentsEvaluated": 3,
  "evaluatedRootNodes": Array [
    Object {
      "children": Array [
        Object {
          "children": Array [
            Object {
              "children": Array [
                Object {
                  "children": Array [],
                  "message": "",
                  "name": "Foo",
                  "status": "INLINED",
                },
              ],
              "message": "",
              "name": "ReactDOM.createPortal",
              "status": "INLINED",
            },
          ],
          "message": "",
          "name": "Child",
          "status": "INLINED",
        },
      ],
      "message": "",
      "name": "App",
      "status": "ROOT",
    },
  ],
  "inlinedComponents": 3,
  "optimizedNestedClosures": 0,
  "optimizedTrees": 1,
}
`;

exports[`createPortal: (createElement => JSX) 1`] = `
ReactStatistics {
  "componentsEvaluated": 3,
  "evaluatedRootNodes": Array [
    Object {
      "children": Array [
        Object {
          "children": Array [
            Object {
              "children": Array [
                Object {
                  "children": Array [],
                  "message": "",
                  "name": "Foo",
                  "status": "INLINED",
                },
              ],
              "message": "",
              "name": "ReactDOM.createPortal",
              "status": "INLINED",
            },
          ],
          "message": "",
          "name": "Child",
          "status": "INLINED",
        },
      ],
      "message": "",
      "name": "App",
      "status": "ROOT",
    },
  ],
  "inlinedComponents": 3,
  "optimizedNestedClosures": 0,
  "optimizedTrees": 1,
}
`;

exports[`createPortal: (createElement => createElement) 1`] = `
ReactStatistics {
  "componentsEvaluated": 3,
  "evaluatedRootNodes": Array [
    Object {
      "children": Array [
        Object {
          "children": Array [
            Object {
              "children": Array [
                Object {
                  "children": Array [],
                  "message": "",
                  "name": "Foo",
                  "status": "INLINED",
                },
              ],
              "message": "",
              "name": "ReactDOM.createPortal",
              "status": "INLINED",
            },
          ],
          "message": "",
          "name": "Child",
          "status": "INLINED",
        },
      ],
      "message": "",
      "name": "App",
      "status": "ROOT",
    },
  ],
  "inlinedComponents": 3,
  "optimizedNestedClosures": 0,
  "optimizedTrees": 1,
}
`;
