// Jest Snapshot v1, https://goo.gl/fbAQLP

exports[`React Context 2: (JSX => JSX) 1`] = `
ReactStatistics {
  "componentsEvaluated": 4,
  "evaluatedRootNodes": Array [
    Object {
      "children": Array [
        Object {
          "children": Array [
            Object {
              "children": Array [
                Object {
                  "children": Array [],
                  "message": "",
                  "name": "Context.Consumer",
                  "status": "INLINED",
                },
              ],
              "message": "",
              "name": "Child",
              "status": "INLINED",
            },
          ],
          "message": "",
          "name": "Context.Provider",
          "status": "INLINED",
        },
      ],
      "message": "",
      "name": "App",
      "status": "ROOT",
    },
  ],
  "inlinedComponents": 3,
  "optimizedNestedClosures": 0,
  "optimizedTrees": 1,
}
`;

exports[`React Context 2: (JSX => createElement) 1`] = `
ReactStatistics {
  "componentsEvaluated": 4,
  "evaluatedRootNodes": Array [
    Object {
      "children": Array [
        Object {
          "children": Array [
            Object {
              "children": Array [
                Object {
                  "children": Array [],
                  "message": "",
                  "name": "Context.Consumer",
                  "status": "INLINED",
                },
              ],
              "message": "",
              "name": "Child",
              "status": "INLINED",
            },
          ],
          "message": "",
          "name": "Context.Provider",
          "status": "INLINED",
        },
      ],
      "message": "",
      "name": "App",
      "status": "ROOT",
    },
  ],
  "inlinedComponents": 3,
  "optimizedNestedClosures": 0,
  "optimizedTrees": 1,
}
`;

exports[`React Context 2: (createElement => JSX) 1`] = `
ReactStatistics {
  "componentsEvaluated": 4,
  "evaluatedRootNodes": Array [
    Object {
      "children": Array [
        Object {
          "children": Array [
            Object {
              "children": Array [
                Object {
                  "children": Array [],
                  "message": "",
                  "name": "Context.Consumer",
                  "status": "INLINED",
                },
              ],
              "message": "",
              "name": "Child",
              "status": "INLINED",
            },
          ],
          "message": "",
          "name": "Context.Provider",
          "status": "INLINED",
        },
      ],
      "message": "",
      "name": "App",
      "status": "ROOT",
    },
  ],
  "inlinedComponents": 3,
  "optimizedNestedClosures": 0,
  "optimizedTrees": 1,
}
`;

exports[`React Context 2: (createElement => createElement) 1`] = `
ReactStatistics {
  "componentsEvaluated": 4,
  "evaluatedRootNodes": Array [
    Object {
      "children": Array [
        Object {
          "children": Array [
            Object {
              "children": Array [
                Object {
                  "children": Array [],
                  "message": "",
                  "name": "Context.Consumer",
                  "status": "INLINED",
                },
              ],
              "message": "",
              "name": "Child",
              "status": "INLINED",
            },
          ],
          "message": "",
          "name": "Context.Provider",
          "status": "INLINED",
        },
      ],
      "message": "",
      "name": "App",
      "status": "ROOT",
    },
  ],
  "inlinedComponents": 3,
  "optimizedNestedClosures": 0,
  "optimizedTrees": 1,
}
`;

exports[`React Context 3: (JSX => JSX) 1`] = `
ReactStatistics {
  "componentsEvaluated": 2,
  "evaluatedRootNodes": Array [
    Object {
      "children": Array [
        Object {
          "children": Array [
            Object {
              "children": Array [],
              "message": "",
              "name": "Context.Consumer",
              "status": "RENDER_PROPS",
            },
          ],
          "message": "",
          "name": "Child",
          "status": "INLINED",
        },
      ],
      "message": "",
      "name": "App",
      "status": "ROOT",
    },
  ],
  "inlinedComponents": 1,
  "optimizedNestedClosures": 1,
  "optimizedTrees": 1,
}
`;

exports[`React Context 3: (JSX => createElement) 1`] = `
ReactStatistics {
  "componentsEvaluated": 2,
  "evaluatedRootNodes": Array [
    Object {
      "children": Array [
        Object {
          "children": Array [
            Object {
              "children": Array [],
              "message": "",
              "name": "Context.Consumer",
              "status": "RENDER_PROPS",
            },
          ],
          "message": "",
          "name": "Child",
          "status": "INLINED",
        },
      ],
      "message": "",
      "name": "App",
      "status": "ROOT",
    },
  ],
  "inlinedComponents": 1,
  "optimizedNestedClosures": 1,
  "optimizedTrees": 1,
}
`;

exports[`React Context 3: (createElement => JSX) 1`] = `
ReactStatistics {
  "componentsEvaluated": 2,
  "evaluatedRootNodes": Array [
    Object {
      "children": Array [
        Object {
          "children": Array [
            Object {
              "children": Array [],
              "message": "",
              "name": "Context.Consumer",
              "status": "RENDER_PROPS",
            },
          ],
          "message": "",
          "name": "Child",
          "status": "INLINED",
        },
      ],
      "message": "",
      "name": "App",
      "status": "ROOT",
    },
  ],
  "inlinedComponents": 1,
  "optimizedNestedClosures": 1,
  "optimizedTrees": 1,
}
`;

exports[`React Context 3: (createElement => createElement) 1`] = `
ReactStatistics {
  "componentsEvaluated": 2,
  "evaluatedRootNodes": Array [
    Object {
      "children": Array [
        Object {
          "children": Array [
            Object {
              "children": Array [],
              "message": "",
              "name": "Context.Consumer",
              "status": "RENDER_PROPS",
            },
          ],
          "message": "",
          "name": "Child",
          "status": "INLINED",
        },
      ],
      "message": "",
      "name": "App",
      "status": "ROOT",
    },
  ],
  "inlinedComponents": 1,
  "optimizedNestedClosures": 1,
  "optimizedTrees": 1,
}
`;

exports[`React Context 4: (JSX => JSX) 1`] = `
ReactStatistics {
  "componentsEvaluated": 7,
  "evaluatedRootNodes": Array [
    Object {
      "children": Array [
        Object {
          "children": Array [
            Object {
              "children": Array [
                Object {
                  "children": Array [
                    Object {
                      "children": Array [],
                      "message": "",
                      "name": "Context.Consumer",
                      "status": "INLINED",
                    },
                  ],
                  "message": "",
                  "name": "Child",
                  "status": "INLINED",
                },
              ],
              "message": "",
              "name": "Context.Provider",
              "status": "INLINED",
            },
            Object {
              "children": Array [
                Object {
                  "children": Array [],
                  "message": "",
                  "name": "Context.Consumer",
                  "status": "INLINED",
                },
              ],
              "message": "",
              "name": "Child",
              "status": "INLINED",
            },
          ],
          "message": "",
          "name": "Context.Provider",
          "status": "INLINED",
        },
      ],
      "message": "",
      "name": "App",
      "status": "ROOT",
    },
  ],
  "inlinedComponents": 6,
  "optimizedNestedClosures": 0,
  "optimizedTrees": 1,
}
`;

exports[`React Context 4: (JSX => createElement) 1`] = `
ReactStatistics {
  "componentsEvaluated": 7,
  "evaluatedRootNodes": Array [
    Object {
      "children": Array [
        Object {
          "children": Array [
            Object {
              "children": Array [
                Object {
                  "children": Array [
                    Object {
                      "children": Array [],
                      "message": "",
                      "name": "Context.Consumer",
                      "status": "INLINED",
                    },
                  ],
                  "message": "",
                  "name": "Child",
                  "status": "INLINED",
                },
              ],
              "message": "",
              "name": "Context.Provider",
              "status": "INLINED",
            },
            Object {
              "children": Array [
                Object {
                  "children": Array [],
                  "message": "",
                  "name": "Context.Consumer",
                  "status": "INLINED",
                },
              ],
              "message": "",
              "name": "Child",
              "status": "INLINED",
            },
          ],
          "message": "",
          "name": "Context.Provider",
          "status": "INLINED",
        },
      ],
      "message": "",
      "name": "App",
      "status": "ROOT",
    },
  ],
  "inlinedComponents": 6,
  "optimizedNestedClosures": 0,
  "optimizedTrees": 1,
}
`;

exports[`React Context 4: (createElement => JSX) 1`] = `
ReactStatistics {
  "componentsEvaluated": 7,
  "evaluatedRootNodes": Array [
    Object {
      "children": Array [
        Object {
          "children": Array [
            Object {
              "children": Array [
                Object {
                  "children": Array [
                    Object {
                      "children": Array [],
                      "message": "",
                      "name": "Context.Consumer",
                      "status": "INLINED",
                    },
                  ],
                  "message": "",
                  "name": "Child",
                  "status": "INLINED",
                },
              ],
              "message": "",
              "name": "Context.Provider",
              "status": "INLINED",
            },
            Object {
              "children": Array [
                Object {
                  "children": Array [],
                  "message": "",
                  "name": "Context.Consumer",
                  "status": "INLINED",
                },
              ],
              "message": "",
              "name": "Child",
              "status": "INLINED",
            },
          ],
          "message": "",
          "name": "Context.Provider",
          "status": "INLINED",
        },
      ],
      "message": "",
      "name": "App",
      "status": "ROOT",
    },
  ],
  "inlinedComponents": 6,
  "optimizedNestedClosures": 0,
  "optimizedTrees": 1,
}
`;

exports[`React Context 4: (createElement => createElement) 1`] = `
ReactStatistics {
  "componentsEvaluated": 7,
  "evaluatedRootNodes": Array [
    Object {
      "children": Array [
        Object {
          "children": Array [
            Object {
              "children": Array [
                Object {
                  "children": Array [
                    Object {
                      "children": Array [],
                      "message": "",
                      "name": "Context.Consumer",
                      "status": "INLINED",
                    },
                  ],
                  "message": "",
                  "name": "Child",
                  "status": "INLINED",
                },
              ],
              "message": "",
              "name": "Context.Provider",
              "status": "INLINED",
            },
            Object {
              "children": Array [
                Object {
                  "children": Array [],
                  "message": "",
                  "name": "Context.Consumer",
                  "status": "INLINED",
                },
              ],
              "message": "",
              "name": "Child",
              "status": "INLINED",
            },
          ],
          "message": "",
          "name": "Context.Provider",
          "status": "INLINED",
        },
      ],
      "message": "",
      "name": "App",
      "status": "ROOT",
    },
  ],
  "inlinedComponents": 6,
  "optimizedNestedClosures": 0,
  "optimizedTrees": 1,
}
`;

exports[`React Context 5: (JSX => JSX) 1`] = `
ReactStatistics {
  "componentsEvaluated": 5,
  "evaluatedRootNodes": Array [
    Object {
      "children": Array [
        Object {
          "children": Array [
            Object {
              "children": Array [
                Object {
                  "children": Array [],
                  "message": "",
                  "name": "Context.Consumer",
                  "status": "INLINED",
                },
              ],
              "message": "",
              "name": "Child",
              "status": "INLINED",
            },
          ],
          "message": "",
          "name": "Context.Provider",
          "status": "INLINED",
        },
        Object {
          "children": Array [
            Object {
              "children": Array [],
              "message": "",
              "name": "Context.Consumer",
              "status": "RENDER_PROPS",
            },
          ],
          "message": "",
          "name": "Child",
          "status": "INLINED",
        },
      ],
      "message": "",
      "name": "App",
      "status": "ROOT",
    },
  ],
  "inlinedComponents": 4,
  "optimizedNestedClosures": 1,
  "optimizedTrees": 1,
}
`;

exports[`React Context 5: (JSX => createElement) 1`] = `
ReactStatistics {
  "componentsEvaluated": 5,
  "evaluatedRootNodes": Array [
    Object {
      "children": Array [
        Object {
          "children": Array [
            Object {
              "children": Array [
                Object {
                  "children": Array [],
                  "message": "",
                  "name": "Context.Consumer",
                  "status": "INLINED",
                },
              ],
              "message": "",
              "name": "Child",
              "status": "INLINED",
            },
          ],
          "message": "",
          "name": "Context.Provider",
          "status": "INLINED",
        },
        Object {
          "children": Array [
            Object {
              "children": Array [],
              "message": "",
              "name": "Context.Consumer",
              "status": "RENDER_PROPS",
            },
          ],
          "message": "",
          "name": "Child",
          "status": "INLINED",
        },
      ],
      "message": "",
      "name": "App",
      "status": "ROOT",
    },
  ],
  "inlinedComponents": 4,
  "optimizedNestedClosures": 1,
  "optimizedTrees": 1,
}
`;

exports[`React Context 5: (createElement => JSX) 1`] = `
ReactStatistics {
  "componentsEvaluated": 5,
  "evaluatedRootNodes": Array [
    Object {
      "children": Array [
        Object {
          "children": Array [
            Object {
              "children": Array [
                Object {
                  "children": Array [],
                  "message": "",
                  "name": "Context.Consumer",
                  "status": "INLINED",
                },
              ],
              "message": "",
              "name": "Child",
              "status": "INLINED",
            },
          ],
          "message": "",
          "name": "Context.Provider",
          "status": "INLINED",
        },
        Object {
          "children": Array [
            Object {
              "children": Array [],
              "message": "",
              "name": "Context.Consumer",
              "status": "RENDER_PROPS",
            },
          ],
          "message": "",
          "name": "Child",
          "status": "INLINED",
        },
      ],
      "message": "",
      "name": "App",
      "status": "ROOT",
    },
  ],
  "inlinedComponents": 4,
  "optimizedNestedClosures": 1,
  "optimizedTrees": 1,
}
`;

exports[`React Context 5: (createElement => createElement) 1`] = `
ReactStatistics {
  "componentsEvaluated": 5,
  "evaluatedRootNodes": Array [
    Object {
      "children": Array [
        Object {
          "children": Array [
            Object {
              "children": Array [
                Object {
                  "children": Array [],
                  "message": "",
                  "name": "Context.Consumer",
                  "status": "INLINED",
                },
              ],
              "message": "",
              "name": "Child",
              "status": "INLINED",
            },
          ],
          "message": "",
          "name": "Context.Provider",
          "status": "INLINED",
        },
        Object {
          "children": Array [
            Object {
              "children": Array [],
              "message": "",
              "name": "Context.Consumer",
              "status": "RENDER_PROPS",
            },
          ],
          "message": "",
          "name": "Child",
          "status": "INLINED",
        },
      ],
      "message": "",
      "name": "App",
      "status": "ROOT",
    },
  ],
  "inlinedComponents": 4,
  "optimizedNestedClosures": 1,
  "optimizedTrees": 1,
}
`;

exports[`React Context 6: (JSX => JSX) 1`] = `
ReactStatistics {
  "componentsEvaluated": 4,
  "evaluatedRootNodes": Array [
    Object {
      "children": Array [
        Object {
          "children": Array [
            Object {
              "children": Array [
                Object {
                  "children": Array [],
                  "message": "",
                  "name": "Context.Consumer",
                  "status": "INLINED",
                },
              ],
              "message": "",
              "name": "Child",
              "status": "INLINED",
            },
          ],
          "message": "",
          "name": "Context.Provider",
          "status": "INLINED",
        },
      ],
      "message": "",
      "name": "App",
      "status": "ROOT",
    },
  ],
  "inlinedComponents": 3,
  "optimizedNestedClosures": 0,
  "optimizedTrees": 1,
}
`;

exports[`React Context 6: (JSX => createElement) 1`] = `
ReactStatistics {
  "componentsEvaluated": 4,
  "evaluatedRootNodes": Array [
    Object {
      "children": Array [
        Object {
          "children": Array [
            Object {
              "children": Array [
                Object {
                  "children": Array [],
                  "message": "",
                  "name": "Context.Consumer",
                  "status": "INLINED",
                },
              ],
              "message": "",
              "name": "Child",
              "status": "INLINED",
            },
          ],
          "message": "",
          "name": "Context.Provider",
          "status": "INLINED",
        },
      ],
      "message": "",
      "name": "App",
      "status": "ROOT",
    },
  ],
  "inlinedComponents": 3,
  "optimizedNestedClosures": 0,
  "optimizedTrees": 1,
}
`;

exports[`React Context 6: (createElement => JSX) 1`] = `
ReactStatistics {
  "componentsEvaluated": 4,
  "evaluatedRootNodes": Array [
    Object {
      "children": Array [
        Object {
          "children": Array [
            Object {
              "children": Array [
                Object {
                  "children": Array [],
                  "message": "",
                  "name": "Context.Consumer",
                  "status": "INLINED",
                },
              ],
              "message": "",
              "name": "Child",
              "status": "INLINED",
            },
          ],
          "message": "",
          "name": "Context.Provider",
          "status": "INLINED",
        },
      ],
      "message": "",
      "name": "App",
      "status": "ROOT",
    },
  ],
  "inlinedComponents": 3,
  "optimizedNestedClosures": 0,
  "optimizedTrees": 1,
}
`;

exports[`React Context 6: (createElement => createElement) 1`] = `
ReactStatistics {
  "componentsEvaluated": 4,
  "evaluatedRootNodes": Array [
    Object {
      "children": Array [
        Object {
          "children": Array [
            Object {
              "children": Array [
                Object {
                  "children": Array [],
                  "message": "",
                  "name": "Context.Consumer",
                  "status": "INLINED",
                },
              ],
              "message": "",
              "name": "Child",
              "status": "INLINED",
            },
          ],
          "message": "",
          "name": "Context.Provider",
          "status": "INLINED",
        },
      ],
      "message": "",
      "name": "App",
      "status": "ROOT",
    },
  ],
  "inlinedComponents": 3,
  "optimizedNestedClosures": 0,
  "optimizedTrees": 1,
}
`;

exports[`React Context 7: (JSX => JSX) 1`] = `
ReactStatistics {
  "componentsEvaluated": 3,
  "evaluatedRootNodes": Array [
    Object {
      "children": Array [
        Object {
          "children": Array [
            Object {
              "children": Array [
                Object {
                  "children": Array [],
                  "message": "",
                  "name": "Context.Consumer",
                  "status": "RENDER_PROPS",
                },
              ],
              "message": "",
              "name": "Child",
              "status": "INLINED",
            },
          ],
          "message": "",
          "name": "Context.Provider",
          "status": "NORMAL",
        },
      ],
      "message": "",
      "name": "App",
      "status": "ROOT",
    },
  ],
  "inlinedComponents": 1,
  "optimizedNestedClosures": 1,
  "optimizedTrees": 1,
}
`;

exports[`React Context 7: (JSX => createElement) 1`] = `
ReactStatistics {
  "componentsEvaluated": 3,
  "evaluatedRootNodes": Array [
    Object {
      "children": Array [
        Object {
          "children": Array [
            Object {
              "children": Array [
                Object {
                  "children": Array [],
                  "message": "",
                  "name": "Context.Consumer",
                  "status": "RENDER_PROPS",
                },
              ],
              "message": "",
              "name": "Child",
              "status": "INLINED",
            },
          ],
          "message": "",
          "name": "Context.Provider",
          "status": "NORMAL",
        },
      ],
      "message": "",
      "name": "App",
      "status": "ROOT",
    },
  ],
  "inlinedComponents": 1,
  "optimizedNestedClosures": 1,
  "optimizedTrees": 1,
}
`;

exports[`React Context 7: (createElement => JSX) 1`] = `
ReactStatistics {
  "componentsEvaluated": 3,
  "evaluatedRootNodes": Array [
    Object {
      "children": Array [
        Object {
          "children": Array [
            Object {
              "children": Array [
                Object {
                  "children": Array [],
                  "message": "",
                  "name": "Context.Consumer",
                  "status": "RENDER_PROPS",
                },
              ],
              "message": "",
              "name": "Child",
              "status": "INLINED",
            },
          ],
          "message": "",
          "name": "Context.Provider",
          "status": "NORMAL",
        },
      ],
      "message": "",
      "name": "App",
      "status": "ROOT",
    },
  ],
  "inlinedComponents": 1,
  "optimizedNestedClosures": 1,
  "optimizedTrees": 1,
}
`;

exports[`React Context 7: (createElement => createElement) 1`] = `
ReactStatistics {
  "componentsEvaluated": 3,
  "evaluatedRootNodes": Array [
    Object {
      "children": Array [
        Object {
          "children": Array [
            Object {
              "children": Array [
                Object {
                  "children": Array [],
                  "message": "",
                  "name": "Context.Consumer",
                  "status": "RENDER_PROPS",
                },
              ],
              "message": "",
              "name": "Child",
              "status": "INLINED",
            },
          ],
          "message": "",
          "name": "Context.Provider",
          "status": "NORMAL",
        },
      ],
      "message": "",
      "name": "App",
      "status": "ROOT",
    },
  ],
  "inlinedComponents": 1,
  "optimizedNestedClosures": 1,
  "optimizedTrees": 1,
}
`;

exports[`React Context from root tree 2: (JSX => JSX) 1`] = `
ReactStatistics {
  "componentsEvaluated": 7,
  "evaluatedRootNodes": Array [
    Object {
      "children": Array [
        Object {
          "children": Array [
            Object {
              "children": Array [
                Object {
                  "children": Array [
                    Object {
                      "children": Array [],
                      "message": "",
                      "name": "Context.Consumer",
                      "status": "INLINED",
                    },
                  ],
                  "message": "",
                  "name": "Child",
                  "status": "INLINED",
                },
              ],
              "message": "",
              "name": "Context.Provider",
              "status": "INLINED",
            },
            Object {
              "children": Array [
                Object {
                  "children": Array [],
                  "message": "",
                  "name": "Context.Consumer",
                  "status": "INLINED",
                },
              ],
              "message": "",
              "name": "Child",
              "status": "INLINED",
            },
          ],
          "message": "",
          "name": "Context.Provider",
          "status": "INLINED",
        },
      ],
      "message": "",
      "name": "App",
      "status": "ROOT",
    },
  ],
  "inlinedComponents": 6,
  "optimizedNestedClosures": 0,
  "optimizedTrees": 1,
}
`;

exports[`React Context from root tree 2: (JSX => createElement) 1`] = `
ReactStatistics {
  "componentsEvaluated": 7,
  "evaluatedRootNodes": Array [
    Object {
      "children": Array [
        Object {
          "children": Array [
            Object {
              "children": Array [
                Object {
                  "children": Array [
                    Object {
                      "children": Array [],
                      "message": "",
                      "name": "Context.Consumer",
                      "status": "INLINED",
                    },
                  ],
                  "message": "",
                  "name": "Child",
                  "status": "INLINED",
                },
              ],
              "message": "",
              "name": "Context.Provider",
              "status": "INLINED",
            },
            Object {
              "children": Array [
                Object {
                  "children": Array [],
                  "message": "",
                  "name": "Context.Consumer",
                  "status": "INLINED",
                },
              ],
              "message": "",
              "name": "Child",
              "status": "INLINED",
            },
          ],
          "message": "",
          "name": "Context.Provider",
          "status": "INLINED",
        },
      ],
      "message": "",
      "name": "App",
      "status": "ROOT",
    },
  ],
  "inlinedComponents": 6,
  "optimizedNestedClosures": 0,
  "optimizedTrees": 1,
}
`;

exports[`React Context from root tree 2: (createElement => JSX) 1`] = `
ReactStatistics {
  "componentsEvaluated": 7,
  "evaluatedRootNodes": Array [
    Object {
      "children": Array [
        Object {
          "children": Array [
            Object {
              "children": Array [
                Object {
                  "children": Array [
                    Object {
                      "children": Array [],
                      "message": "",
                      "name": "Context.Consumer",
                      "status": "INLINED",
                    },
                  ],
                  "message": "",
                  "name": "Child",
                  "status": "INLINED",
                },
              ],
              "message": "",
              "name": "Context.Provider",
              "status": "INLINED",
            },
            Object {
              "children": Array [
                Object {
                  "children": Array [],
                  "message": "",
                  "name": "Context.Consumer",
                  "status": "INLINED",
                },
              ],
              "message": "",
              "name": "Child",
              "status": "INLINED",
            },
          ],
          "message": "",
          "name": "Context.Provider",
          "status": "INLINED",
        },
      ],
      "message": "",
      "name": "App",
      "status": "ROOT",
    },
  ],
  "inlinedComponents": 6,
  "optimizedNestedClosures": 0,
  "optimizedTrees": 1,
}
`;

exports[`React Context from root tree 2: (createElement => createElement) 1`] = `
ReactStatistics {
  "componentsEvaluated": 7,
  "evaluatedRootNodes": Array [
    Object {
      "children": Array [
        Object {
          "children": Array [
            Object {
              "children": Array [
                Object {
                  "children": Array [
                    Object {
                      "children": Array [],
                      "message": "",
                      "name": "Context.Consumer",
                      "status": "INLINED",
                    },
                  ],
                  "message": "",
                  "name": "Child",
                  "status": "INLINED",
                },
              ],
              "message": "",
              "name": "Context.Provider",
              "status": "INLINED",
            },
            Object {
              "children": Array [
                Object {
                  "children": Array [],
                  "message": "",
                  "name": "Context.Consumer",
                  "status": "INLINED",
                },
              ],
              "message": "",
              "name": "Child",
              "status": "INLINED",
            },
          ],
          "message": "",
          "name": "Context.Provider",
          "status": "INLINED",
        },
      ],
      "message": "",
      "name": "App",
      "status": "ROOT",
    },
  ],
  "inlinedComponents": 6,
  "optimizedNestedClosures": 0,
  "optimizedTrees": 1,
}
`;

exports[`React Context from root tree 3: (JSX => JSX) 1`] = `
ReactStatistics {
  "componentsEvaluated": 7,
  "evaluatedRootNodes": Array [
    Object {
      "children": Array [
        Object {
          "children": Array [
            Object {
              "children": Array [
                Object {
                  "children": Array [
                    Object {
                      "children": Array [],
                      "message": "",
                      "name": "Context.Consumer",
                      "status": "INLINED",
                    },
                  ],
                  "message": "",
                  "name": "Child",
                  "status": "INLINED",
                },
              ],
              "message": "",
              "name": "Context.Provider",
              "status": "INLINED",
            },
            Object {
              "children": Array [
                Object {
                  "children": Array [],
                  "message": "",
                  "name": "Context.Consumer",
                  "status": "INLINED",
                },
              ],
              "message": "",
              "name": "Child",
              "status": "INLINED",
            },
          ],
          "message": "",
          "name": "Context.Provider",
          "status": "INLINED",
        },
      ],
      "message": "",
      "name": "App",
      "status": "ROOT",
    },
  ],
  "inlinedComponents": 6,
  "optimizedNestedClosures": 0,
  "optimizedTrees": 1,
}
`;

exports[`React Context from root tree 3: (JSX => createElement) 1`] = `
ReactStatistics {
  "componentsEvaluated": 7,
  "evaluatedRootNodes": Array [
    Object {
      "children": Array [
        Object {
          "children": Array [
            Object {
              "children": Array [
                Object {
                  "children": Array [
                    Object {
                      "children": Array [],
                      "message": "",
                      "name": "Context.Consumer",
                      "status": "INLINED",
                    },
                  ],
                  "message": "",
                  "name": "Child",
                  "status": "INLINED",
                },
              ],
              "message": "",
              "name": "Context.Provider",
              "status": "INLINED",
            },
            Object {
              "children": Array [
                Object {
                  "children": Array [],
                  "message": "",
                  "name": "Context.Consumer",
                  "status": "INLINED",
                },
              ],
              "message": "",
              "name": "Child",
              "status": "INLINED",
            },
          ],
          "message": "",
          "name": "Context.Provider",
          "status": "INLINED",
        },
      ],
      "message": "",
      "name": "App",
      "status": "ROOT",
    },
  ],
  "inlinedComponents": 6,
  "optimizedNestedClosures": 0,
  "optimizedTrees": 1,
}
`;

exports[`React Context from root tree 3: (createElement => JSX) 1`] = `
ReactStatistics {
  "componentsEvaluated": 7,
  "evaluatedRootNodes": Array [
    Object {
      "children": Array [
        Object {
          "children": Array [
            Object {
              "children": Array [
                Object {
                  "children": Array [
                    Object {
                      "children": Array [],
                      "message": "",
                      "name": "Context.Consumer",
                      "status": "INLINED",
                    },
                  ],
                  "message": "",
                  "name": "Child",
                  "status": "INLINED",
                },
              ],
              "message": "",
              "name": "Context.Provider",
              "status": "INLINED",
            },
            Object {
              "children": Array [
                Object {
                  "children": Array [],
                  "message": "",
                  "name": "Context.Consumer",
                  "status": "INLINED",
                },
              ],
              "message": "",
              "name": "Child",
              "status": "INLINED",
            },
          ],
          "message": "",
          "name": "Context.Provider",
          "status": "INLINED",
        },
      ],
      "message": "",
      "name": "App",
      "status": "ROOT",
    },
  ],
  "inlinedComponents": 6,
  "optimizedNestedClosures": 0,
  "optimizedTrees": 1,
}
`;

exports[`React Context from root tree 3: (createElement => createElement) 1`] = `
ReactStatistics {
  "componentsEvaluated": 7,
  "evaluatedRootNodes": Array [
    Object {
      "children": Array [
        Object {
          "children": Array [
            Object {
              "children": Array [
                Object {
                  "children": Array [
                    Object {
                      "children": Array [],
                      "message": "",
                      "name": "Context.Consumer",
                      "status": "INLINED",
                    },
                  ],
                  "message": "",
                  "name": "Child",
                  "status": "INLINED",
                },
              ],
              "message": "",
              "name": "Context.Provider",
              "status": "INLINED",
            },
            Object {
              "children": Array [
                Object {
                  "children": Array [],
                  "message": "",
                  "name": "Context.Consumer",
                  "status": "INLINED",
                },
              ],
              "message": "",
              "name": "Child",
              "status": "INLINED",
            },
          ],
          "message": "",
          "name": "Context.Provider",
          "status": "INLINED",
        },
      ],
      "message": "",
      "name": "App",
      "status": "ROOT",
    },
  ],
  "inlinedComponents": 6,
  "optimizedNestedClosures": 0,
  "optimizedTrees": 1,
}
`;

exports[`React Context from root tree 4: (JSX => JSX) 1`] = `
ReactStatistics {
  "componentsEvaluated": 3,
  "evaluatedRootNodes": Array [
    Object {
      "children": Array [
        Object {
          "children": Array [
            Object {
              "children": Array [
                Object {
                  "children": Array [],
                  "message": "",
                  "name": "Context.Consumer",
                  "status": "RENDER_PROPS",
                },
              ],
              "message": "",
              "name": "Child",
              "status": "INLINED",
            },
          ],
          "message": "",
          "name": "Context.Provider",
          "status": "NORMAL",
        },
      ],
      "message": "",
      "name": "App",
      "status": "ROOT",
    },
  ],
  "inlinedComponents": 1,
  "optimizedNestedClosures": 1,
  "optimizedTrees": 1,
}
`;

exports[`React Context from root tree 4: (JSX => createElement) 1`] = `
ReactStatistics {
  "componentsEvaluated": 3,
  "evaluatedRootNodes": Array [
    Object {
      "children": Array [
        Object {
          "children": Array [
            Object {
              "children": Array [
                Object {
                  "children": Array [],
                  "message": "",
                  "name": "Context.Consumer",
                  "status": "RENDER_PROPS",
                },
              ],
              "message": "",
              "name": "Child",
              "status": "INLINED",
            },
          ],
          "message": "",
          "name": "Context.Provider",
          "status": "NORMAL",
        },
      ],
      "message": "",
      "name": "App",
      "status": "ROOT",
    },
  ],
  "inlinedComponents": 1,
  "optimizedNestedClosures": 1,
  "optimizedTrees": 1,
}
`;

exports[`React Context from root tree 4: (createElement => JSX) 1`] = `
ReactStatistics {
  "componentsEvaluated": 3,
  "evaluatedRootNodes": Array [
    Object {
      "children": Array [
        Object {
          "children": Array [
            Object {
              "children": Array [
                Object {
                  "children": Array [],
                  "message": "",
                  "name": "Context.Consumer",
                  "status": "RENDER_PROPS",
                },
              ],
              "message": "",
              "name": "Child",
              "status": "INLINED",
            },
          ],
          "message": "",
          "name": "Context.Provider",
          "status": "NORMAL",
        },
      ],
      "message": "",
      "name": "App",
      "status": "ROOT",
    },
  ],
  "inlinedComponents": 1,
  "optimizedNestedClosures": 1,
  "optimizedTrees": 1,
}
`;

exports[`React Context from root tree 4: (createElement => createElement) 1`] = `
ReactStatistics {
  "componentsEvaluated": 3,
  "evaluatedRootNodes": Array [
    Object {
      "children": Array [
        Object {
          "children": Array [
            Object {
              "children": Array [
                Object {
                  "children": Array [],
                  "message": "",
                  "name": "Context.Consumer",
                  "status": "RENDER_PROPS",
                },
              ],
              "message": "",
              "name": "Child",
              "status": "INLINED",
            },
          ],
          "message": "",
          "name": "Context.Provider",
          "status": "NORMAL",
        },
      ],
      "message": "",
      "name": "App",
      "status": "ROOT",
    },
  ],
  "inlinedComponents": 1,
  "optimizedNestedClosures": 1,
  "optimizedTrees": 1,
}
`;

exports[`React Context from root tree: (JSX => JSX) 1`] = `
ReactStatistics {
  "componentsEvaluated": 6,
  "evaluatedRootNodes": Array [
    Object {
      "children": Array [
        Object {
          "children": Array [
            Object {
              "children": Array [
                Object {
                  "children": Array [],
                  "message": "",
                  "name": "Context.Consumer",
                  "status": "INLINED",
                },
              ],
              "message": "",
              "name": "Child",
              "status": "INLINED",
            },
          ],
          "message": "",
          "name": "Context.Provider",
          "status": "INLINED",
        },
        Object {
          "children": Array [
            Object {
              "children": Array [],
              "message": "",
              "name": "Context.Consumer",
              "status": "INLINED",
            },
          ],
          "message": "",
          "name": "Child",
          "status": "INLINED",
        },
      ],
      "message": "",
      "name": "App",
      "status": "ROOT",
    },
  ],
  "inlinedComponents": 5,
  "optimizedNestedClosures": 0,
  "optimizedTrees": 1,
}
`;

exports[`React Context from root tree: (JSX => createElement) 1`] = `
ReactStatistics {
  "componentsEvaluated": 6,
  "evaluatedRootNodes": Array [
    Object {
      "children": Array [
        Object {
          "children": Array [
            Object {
              "children": Array [
                Object {
                  "children": Array [],
                  "message": "",
                  "name": "Context.Consumer",
                  "status": "INLINED",
                },
              ],
              "message": "",
              "name": "Child",
              "status": "INLINED",
            },
          ],
          "message": "",
          "name": "Context.Provider",
          "status": "INLINED",
        },
        Object {
          "children": Array [
            Object {
              "children": Array [],
              "message": "",
              "name": "Context.Consumer",
              "status": "INLINED",
            },
          ],
          "message": "",
          "name": "Child",
          "status": "INLINED",
        },
      ],
      "message": "",
      "name": "App",
      "status": "ROOT",
    },
  ],
  "inlinedComponents": 5,
  "optimizedNestedClosures": 0,
  "optimizedTrees": 1,
}
`;

exports[`React Context from root tree: (createElement => JSX) 1`] = `
ReactStatistics {
  "componentsEvaluated": 6,
  "evaluatedRootNodes": Array [
    Object {
      "children": Array [
        Object {
          "children": Array [
            Object {
              "children": Array [
                Object {
                  "children": Array [],
                  "message": "",
                  "name": "Context.Consumer",
                  "status": "INLINED",
                },
              ],
              "message": "",
              "name": "Child",
              "status": "INLINED",
            },
          ],
          "message": "",
          "name": "Context.Provider",
          "status": "INLINED",
        },
        Object {
          "children": Array [
            Object {
              "children": Array [],
              "message": "",
              "name": "Context.Consumer",
              "status": "INLINED",
            },
          ],
          "message": "",
          "name": "Child",
          "status": "INLINED",
        },
      ],
      "message": "",
      "name": "App",
      "status": "ROOT",
    },
  ],
  "inlinedComponents": 5,
  "optimizedNestedClosures": 0,
  "optimizedTrees": 1,
}
`;

exports[`React Context from root tree: (createElement => createElement) 1`] = `
ReactStatistics {
  "componentsEvaluated": 6,
  "evaluatedRootNodes": Array [
    Object {
      "children": Array [
        Object {
          "children": Array [
            Object {
              "children": Array [
                Object {
                  "children": Array [],
                  "message": "",
                  "name": "Context.Consumer",
                  "status": "INLINED",
                },
              ],
              "message": "",
              "name": "Child",
              "status": "INLINED",
            },
          ],
          "message": "",
          "name": "Context.Provider",
          "status": "INLINED",
        },
        Object {
          "children": Array [
            Object {
              "children": Array [],
              "message": "",
              "name": "Context.Consumer",
              "status": "INLINED",
            },
          ],
          "message": "",
          "name": "Child",
          "status": "INLINED",
        },
      ],
      "message": "",
      "name": "App",
      "status": "ROOT",
    },
  ],
  "inlinedComponents": 5,
  "optimizedNestedClosures": 0,
  "optimizedTrees": 1,
}
`;

exports[`React Context: (JSX => JSX) 1`] = `
ReactStatistics {
  "componentsEvaluated": 4,
  "evaluatedRootNodes": Array [
    Object {
      "children": Array [
        Object {
          "children": Array [
            Object {
              "children": Array [
                Object {
                  "children": Array [],
                  "message": "",
                  "name": "Context.Consumer",
                  "status": "INLINED",
                },
              ],
              "message": "",
              "name": "Child",
              "status": "INLINED",
            },
          ],
          "message": "",
          "name": "Context.Provider",
          "status": "INLINED",
        },
      ],
      "message": "",
      "name": "App",
      "status": "ROOT",
    },
  ],
  "inlinedComponents": 3,
  "optimizedNestedClosures": 0,
  "optimizedTrees": 1,
}
`;

exports[`React Context: (JSX => createElement) 1`] = `
ReactStatistics {
  "componentsEvaluated": 4,
  "evaluatedRootNodes": Array [
    Object {
      "children": Array [
        Object {
          "children": Array [
            Object {
              "children": Array [
                Object {
                  "children": Array [],
                  "message": "",
                  "name": "Context.Consumer",
                  "status": "INLINED",
                },
              ],
              "message": "",
              "name": "Child",
              "status": "INLINED",
            },
          ],
          "message": "",
          "name": "Context.Provider",
          "status": "INLINED",
        },
      ],
      "message": "",
      "name": "App",
      "status": "ROOT",
    },
  ],
  "inlinedComponents": 3,
  "optimizedNestedClosures": 0,
  "optimizedTrees": 1,
}
`;

exports[`React Context: (createElement => JSX) 1`] = `
ReactStatistics {
  "componentsEvaluated": 4,
  "evaluatedRootNodes": Array [
    Object {
      "children": Array [
        Object {
          "children": Array [
            Object {
              "children": Array [
                Object {
                  "children": Array [],
                  "message": "",
                  "name": "Context.Consumer",
                  "status": "INLINED",
                },
              ],
              "message": "",
              "name": "Child",
              "status": "INLINED",
            },
          ],
          "message": "",
          "name": "Context.Provider",
          "status": "INLINED",
        },
      ],
      "message": "",
      "name": "App",
      "status": "ROOT",
    },
  ],
  "inlinedComponents": 3,
  "optimizedNestedClosures": 0,
  "optimizedTrees": 1,
}
`;

exports[`React Context: (createElement => createElement) 1`] = `
ReactStatistics {
  "componentsEvaluated": 4,
  "evaluatedRootNodes": Array [
    Object {
      "children": Array [
        Object {
          "children": Array [
            Object {
              "children": Array [
                Object {
                  "children": Array [],
                  "message": "",
                  "name": "Context.Consumer",
                  "status": "INLINED",
                },
              ],
              "message": "",
              "name": "Child",
              "status": "INLINED",
            },
          ],
          "message": "",
          "name": "Context.Provider",
          "status": "INLINED",
        },
      ],
      "message": "",
      "name": "App",
      "status": "ROOT",
    },
  ],
  "inlinedComponents": 3,
  "optimizedNestedClosures": 0,
  "optimizedTrees": 1,
}
`;

exports[`Relay QueryRenderer 2: (JSX => JSX) 1`] = `
ReactStatistics {
  "componentsEvaluated": 1,
  "evaluatedRootNodes": Array [
    Object {
      "children": Array [
        Object {
          "children": Array [],
          "message": "",
          "name": "QueryRenderer",
          "status": "RENDER_PROPS",
        },
      ],
      "message": "",
      "name": "App",
      "status": "ROOT",
    },
  ],
  "inlinedComponents": 0,
  "optimizedNestedClosures": 1,
  "optimizedTrees": 1,
}
`;

exports[`Relay QueryRenderer 2: (JSX => createElement) 1`] = `
ReactStatistics {
  "componentsEvaluated": 1,
  "evaluatedRootNodes": Array [
    Object {
      "children": Array [
        Object {
          "children": Array [],
          "message": "",
          "name": "QueryRenderer",
          "status": "RENDER_PROPS",
        },
      ],
      "message": "",
      "name": "App",
      "status": "ROOT",
    },
  ],
  "inlinedComponents": 0,
  "optimizedNestedClosures": 1,
  "optimizedTrees": 1,
}
`;

exports[`Relay QueryRenderer 2: (createElement => JSX) 1`] = `
ReactStatistics {
  "componentsEvaluated": 1,
  "evaluatedRootNodes": Array [
    Object {
      "children": Array [
        Object {
          "children": Array [],
          "message": "",
          "name": "QueryRenderer",
          "status": "RENDER_PROPS",
        },
      ],
      "message": "",
      "name": "App",
      "status": "ROOT",
    },
  ],
  "inlinedComponents": 0,
  "optimizedNestedClosures": 1,
  "optimizedTrees": 1,
}
`;

exports[`Relay QueryRenderer 2: (createElement => createElement) 1`] = `
ReactStatistics {
  "componentsEvaluated": 1,
  "evaluatedRootNodes": Array [
    Object {
      "children": Array [
        Object {
          "children": Array [],
          "message": "",
          "name": "QueryRenderer",
          "status": "RENDER_PROPS",
        },
      ],
      "message": "",
      "name": "App",
      "status": "ROOT",
    },
  ],
  "inlinedComponents": 0,
  "optimizedNestedClosures": 1,
  "optimizedTrees": 1,
}
`;

exports[`Relay QueryRenderer 3: (JSX => JSX) 1`] = `
ReactStatistics {
  "componentsEvaluated": 3,
  "evaluatedRootNodes": Array [
    Object {
      "children": Array [
        Object {
          "children": Array [
            Object {
              "children": Array [],
              "message": "",
              "name": "SomeClassThatShouldNotMakeRootAClass",
              "status": "NEW_TREE",
            },
          ],
          "message": "",
          "name": "QueryRenderer",
          "status": "RENDER_PROPS",
        },
      ],
      "message": "",
      "name": "App",
      "status": "ROOT",
    },
  ],
  "inlinedComponents": 0,
  "optimizedNestedClosures": 1,
  "optimizedTrees": 2,
}
`;

exports[`Relay QueryRenderer 3: (JSX => createElement) 1`] = `
ReactStatistics {
  "componentsEvaluated": 3,
  "evaluatedRootNodes": Array [
    Object {
      "children": Array [
        Object {
          "children": Array [
            Object {
              "children": Array [],
              "message": "",
              "name": "SomeClassThatShouldNotMakeRootAClass",
              "status": "NEW_TREE",
            },
          ],
          "message": "",
          "name": "QueryRenderer",
          "status": "RENDER_PROPS",
        },
      ],
      "message": "",
      "name": "App",
      "status": "ROOT",
    },
  ],
  "inlinedComponents": 0,
  "optimizedNestedClosures": 1,
  "optimizedTrees": 2,
}
`;

exports[`Relay QueryRenderer 3: (createElement => JSX) 1`] = `
ReactStatistics {
  "componentsEvaluated": 3,
  "evaluatedRootNodes": Array [
    Object {
      "children": Array [
        Object {
          "children": Array [
            Object {
              "children": Array [],
              "message": "",
              "name": "SomeClassThatShouldNotMakeRootAClass",
              "status": "NEW_TREE",
            },
          ],
          "message": "",
          "name": "QueryRenderer",
          "status": "RENDER_PROPS",
        },
      ],
      "message": "",
      "name": "App",
      "status": "ROOT",
    },
  ],
  "inlinedComponents": 0,
  "optimizedNestedClosures": 1,
  "optimizedTrees": 2,
}
`;

exports[`Relay QueryRenderer 3: (createElement => createElement) 1`] = `
ReactStatistics {
  "componentsEvaluated": 3,
  "evaluatedRootNodes": Array [
    Object {
      "children": Array [
        Object {
          "children": Array [
            Object {
              "children": Array [],
              "message": "",
              "name": "SomeClassThatShouldNotMakeRootAClass",
              "status": "NEW_TREE",
            },
          ],
          "message": "",
          "name": "QueryRenderer",
          "status": "RENDER_PROPS",
        },
      ],
      "message": "",
      "name": "App",
      "status": "ROOT",
    },
  ],
  "inlinedComponents": 0,
  "optimizedNestedClosures": 1,
  "optimizedTrees": 2,
}
`;

exports[`Relay QueryRenderer: (JSX => JSX) 1`] = `
ReactStatistics {
  "componentsEvaluated": 1,
  "evaluatedRootNodes": Array [
    Object {
      "children": Array [
        Object {
          "children": Array [],
          "message": "",
          "name": "QueryRenderer",
          "status": "RENDER_PROPS",
        },
      ],
      "message": "",
      "name": "App",
      "status": "ROOT",
    },
  ],
  "inlinedComponents": 0,
  "optimizedNestedClosures": 1,
  "optimizedTrees": 1,
}
`;

exports[`Relay QueryRenderer: (JSX => createElement) 1`] = `
ReactStatistics {
  "componentsEvaluated": 1,
  "evaluatedRootNodes": Array [
    Object {
      "children": Array [
        Object {
          "children": Array [],
          "message": "",
          "name": "QueryRenderer",
          "status": "RENDER_PROPS",
        },
      ],
      "message": "",
      "name": "App",
      "status": "ROOT",
    },
  ],
  "inlinedComponents": 0,
  "optimizedNestedClosures": 1,
  "optimizedTrees": 1,
}
`;

exports[`Relay QueryRenderer: (createElement => JSX) 1`] = `
ReactStatistics {
  "componentsEvaluated": 1,
  "evaluatedRootNodes": Array [
    Object {
      "children": Array [
        Object {
          "children": Array [],
          "message": "",
          "name": "QueryRenderer",
          "status": "RENDER_PROPS",
        },
      ],
      "message": "",
      "name": "App",
      "status": "ROOT",
    },
  ],
  "inlinedComponents": 0,
  "optimizedNestedClosures": 1,
  "optimizedTrees": 1,
}
`;

exports[`Relay QueryRenderer: (createElement => createElement) 1`] = `
ReactStatistics {
  "componentsEvaluated": 1,
  "evaluatedRootNodes": Array [
    Object {
      "children": Array [
        Object {
          "children": Array [],
          "message": "",
          "name": "QueryRenderer",
          "status": "RENDER_PROPS",
        },
      ],
      "message": "",
      "name": "App",
      "status": "ROOT",
    },
  ],
  "inlinedComponents": 0,
  "optimizedNestedClosures": 1,
  "optimizedTrees": 1,
}
`;
