// Jest Snapshot v1, https://goo.gl/fbAQLP

exports[`React Context 1`] = `
ReactStatistics {
  "componentsEvaluated": 4,
  "evaluatedRootNodes": Array [
    Object {
      "children": Array [
        Object {
          "children": Array [
            Object {
              "children": Array [
                Object {
                  "children": Array [],
                  "message": "",
                  "name": "Context.Consumer",
                  "status": "INLINED",
                },
              ],
              "message": "",
              "name": "Child",
              "status": "INLINED",
            },
          ],
          "message": "",
          "name": "Context.Provider",
          "status": "INLINED",
        },
      ],
      "message": "",
      "name": "App",
      "status": "ROOT",
    },
  ],
  "inlinedComponents": 3,
  "optimizedNestedClosures": 0,
  "optimizedTrees": 1,
}
`;

exports[`React Context 2`] = `
ReactStatistics {
  "componentsEvaluated": 4,
  "evaluatedRootNodes": Array [
    Object {
      "children": Array [
        Object {
          "children": Array [
            Object {
              "children": Array [
                Object {
                  "children": Array [],
                  "message": "",
                  "name": "Context.Consumer",
                  "status": "INLINED",
                },
              ],
              "message": "",
              "name": "Child",
              "status": "INLINED",
            },
          ],
          "message": "",
          "name": "Context.Provider",
          "status": "INLINED",
        },
      ],
      "message": "",
      "name": "App",
      "status": "ROOT",
    },
  ],
  "inlinedComponents": 3,
  "optimizedNestedClosures": 0,
  "optimizedTrees": 1,
}
`;

exports[`React Context 2 1`] = `
ReactStatistics {
  "componentsEvaluated": 4,
  "evaluatedRootNodes": Array [
    Object {
      "children": Array [
        Object {
          "children": Array [
            Object {
              "children": Array [
                Object {
                  "children": Array [],
                  "message": "",
                  "name": "Context.Consumer",
                  "status": "INLINED",
                },
              ],
              "message": "",
              "name": "Child",
              "status": "INLINED",
            },
          ],
          "message": "",
          "name": "Context.Provider",
          "status": "INLINED",
        },
      ],
      "message": "",
      "name": "App",
      "status": "ROOT",
    },
  ],
  "inlinedComponents": 3,
  "optimizedNestedClosures": 0,
  "optimizedTrees": 1,
}
`;

exports[`React Context 2 2`] = `
ReactStatistics {
  "componentsEvaluated": 4,
  "evaluatedRootNodes": Array [
    Object {
      "children": Array [
        Object {
          "children": Array [
            Object {
              "children": Array [
                Object {
                  "children": Array [],
                  "message": "",
                  "name": "Context.Consumer",
                  "status": "INLINED",
                },
              ],
              "message": "",
              "name": "Child",
              "status": "INLINED",
            },
          ],
          "message": "",
          "name": "Context.Provider",
          "status": "INLINED",
        },
      ],
      "message": "",
      "name": "App",
      "status": "ROOT",
    },
  ],
  "inlinedComponents": 3,
  "optimizedNestedClosures": 0,
  "optimizedTrees": 1,
}
`;

exports[`React Context 2 3`] = `
ReactStatistics {
  "componentsEvaluated": 4,
  "evaluatedRootNodes": Array [
    Object {
      "children": Array [
        Object {
          "children": Array [
            Object {
              "children": Array [
                Object {
                  "children": Array [],
                  "message": "",
                  "name": "Context.Consumer",
                  "status": "INLINED",
                },
              ],
              "message": "",
              "name": "Child",
              "status": "INLINED",
            },
          ],
          "message": "",
          "name": "Context.Provider",
          "status": "INLINED",
        },
      ],
      "message": "",
      "name": "App",
      "status": "ROOT",
    },
  ],
  "inlinedComponents": 3,
  "optimizedNestedClosures": 0,
  "optimizedTrees": 1,
}
`;

exports[`React Context 2 4`] = `
ReactStatistics {
  "componentsEvaluated": 4,
  "evaluatedRootNodes": Array [
    Object {
      "children": Array [
        Object {
          "children": Array [
            Object {
              "children": Array [
                Object {
                  "children": Array [],
                  "message": "",
                  "name": "Context.Consumer",
                  "status": "INLINED",
                },
              ],
              "message": "",
              "name": "Child",
              "status": "INLINED",
            },
          ],
          "message": "",
          "name": "Context.Provider",
          "status": "INLINED",
        },
      ],
      "message": "",
      "name": "App",
      "status": "ROOT",
    },
  ],
  "inlinedComponents": 3,
  "optimizedNestedClosures": 0,
  "optimizedTrees": 1,
}
`;

exports[`React Context 3`] = `
ReactStatistics {
  "componentsEvaluated": 4,
  "evaluatedRootNodes": Array [
    Object {
      "children": Array [
        Object {
          "children": Array [
            Object {
              "children": Array [
                Object {
                  "children": Array [],
                  "message": "",
                  "name": "Context.Consumer",
                  "status": "INLINED",
                },
              ],
              "message": "",
              "name": "Child",
              "status": "INLINED",
            },
          ],
          "message": "",
          "name": "Context.Provider",
          "status": "INLINED",
        },
      ],
      "message": "",
      "name": "App",
      "status": "ROOT",
    },
  ],
  "inlinedComponents": 3,
  "optimizedNestedClosures": 0,
  "optimizedTrees": 1,
}
`;

exports[`React Context 3 1`] = `
ReactStatistics {
  "componentsEvaluated": 2,
  "evaluatedRootNodes": Array [
    Object {
      "children": Array [
        Object {
          "children": Array [
            Object {
              "children": Array [],
              "message": "",
              "name": "Context.Consumer",
              "status": "RENDER_PROPS",
            },
          ],
          "message": "",
          "name": "Child",
          "status": "INLINED",
        },
      ],
      "message": "",
      "name": "App",
      "status": "ROOT",
    },
  ],
  "inlinedComponents": 1,
  "optimizedNestedClosures": 1,
  "optimizedTrees": 1,
}
`;

exports[`React Context 3 2`] = `
ReactStatistics {
  "componentsEvaluated": 2,
  "evaluatedRootNodes": Array [
    Object {
      "children": Array [
        Object {
          "children": Array [
            Object {
              "children": Array [],
              "message": "",
              "name": "Context.Consumer",
              "status": "RENDER_PROPS",
            },
          ],
          "message": "",
          "name": "Child",
          "status": "INLINED",
        },
      ],
      "message": "",
      "name": "App",
      "status": "ROOT",
    },
  ],
  "inlinedComponents": 1,
  "optimizedNestedClosures": 1,
  "optimizedTrees": 1,
}
`;

exports[`React Context 3 3`] = `
ReactStatistics {
  "componentsEvaluated": 2,
  "evaluatedRootNodes": Array [
    Object {
      "children": Array [
        Object {
          "children": Array [
            Object {
              "children": Array [],
              "message": "",
              "name": "Context.Consumer",
              "status": "RENDER_PROPS",
            },
          ],
          "message": "",
          "name": "Child",
          "status": "INLINED",
        },
      ],
      "message": "",
      "name": "App",
      "status": "ROOT",
    },
  ],
  "inlinedComponents": 1,
  "optimizedNestedClosures": 1,
  "optimizedTrees": 1,
}
`;

exports[`React Context 3 4`] = `
ReactStatistics {
  "componentsEvaluated": 2,
  "evaluatedRootNodes": Array [
    Object {
      "children": Array [
        Object {
          "children": Array [
            Object {
              "children": Array [],
              "message": "",
              "name": "Context.Consumer",
              "status": "RENDER_PROPS",
            },
          ],
          "message": "",
          "name": "Child",
          "status": "INLINED",
        },
      ],
      "message": "",
      "name": "App",
      "status": "ROOT",
    },
  ],
  "inlinedComponents": 1,
  "optimizedNestedClosures": 1,
  "optimizedTrees": 1,
}
`;

exports[`React Context 4`] = `
ReactStatistics {
  "componentsEvaluated": 4,
  "evaluatedRootNodes": Array [
    Object {
      "children": Array [
        Object {
          "children": Array [
            Object {
              "children": Array [
                Object {
                  "children": Array [],
                  "message": "",
                  "name": "Context.Consumer",
                  "status": "INLINED",
                },
              ],
              "message": "",
              "name": "Child",
              "status": "INLINED",
            },
          ],
          "message": "",
          "name": "Context.Provider",
          "status": "INLINED",
        },
      ],
      "message": "",
      "name": "App",
      "status": "ROOT",
    },
  ],
  "inlinedComponents": 3,
  "optimizedNestedClosures": 0,
  "optimizedTrees": 1,
}
`;

exports[`React Context 4 1`] = `
ReactStatistics {
  "componentsEvaluated": 7,
  "evaluatedRootNodes": Array [
    Object {
      "children": Array [
        Object {
          "children": Array [
            Object {
              "children": Array [
                Object {
                  "children": Array [
                    Object {
                      "children": Array [],
                      "message": "",
                      "name": "Context.Consumer",
                      "status": "INLINED",
                    },
                  ],
                  "message": "",
                  "name": "Child",
                  "status": "INLINED",
                },
              ],
              "message": "",
              "name": "Context.Provider",
              "status": "INLINED",
            },
            Object {
              "children": Array [
                Object {
                  "children": Array [],
                  "message": "",
                  "name": "Context.Consumer",
                  "status": "INLINED",
                },
              ],
              "message": "",
              "name": "Child",
              "status": "INLINED",
            },
          ],
          "message": "",
          "name": "Context.Provider",
          "status": "INLINED",
        },
      ],
      "message": "",
      "name": "App",
      "status": "ROOT",
    },
  ],
  "inlinedComponents": 6,
  "optimizedNestedClosures": 0,
  "optimizedTrees": 1,
}
`;

exports[`React Context 4 2`] = `
ReactStatistics {
  "componentsEvaluated": 7,
  "evaluatedRootNodes": Array [
    Object {
      "children": Array [
        Object {
          "children": Array [
            Object {
              "children": Array [
                Object {
                  "children": Array [
                    Object {
                      "children": Array [],
                      "message": "",
                      "name": "Context.Consumer",
                      "status": "INLINED",
                    },
                  ],
                  "message": "",
                  "name": "Child",
                  "status": "INLINED",
                },
              ],
              "message": "",
              "name": "Context.Provider",
              "status": "INLINED",
            },
            Object {
              "children": Array [
                Object {
                  "children": Array [],
                  "message": "",
                  "name": "Context.Consumer",
                  "status": "INLINED",
                },
              ],
              "message": "",
              "name": "Child",
              "status": "INLINED",
            },
          ],
          "message": "",
          "name": "Context.Provider",
          "status": "INLINED",
        },
      ],
      "message": "",
      "name": "App",
      "status": "ROOT",
    },
  ],
  "inlinedComponents": 6,
  "optimizedNestedClosures": 0,
  "optimizedTrees": 1,
}
`;

exports[`React Context 4 3`] = `
ReactStatistics {
  "componentsEvaluated": 7,
  "evaluatedRootNodes": Array [
    Object {
      "children": Array [
        Object {
          "children": Array [
            Object {
              "children": Array [
                Object {
                  "children": Array [
                    Object {
                      "children": Array [],
                      "message": "",
                      "name": "Context.Consumer",
                      "status": "INLINED",
                    },
                  ],
                  "message": "",
                  "name": "Child",
                  "status": "INLINED",
                },
              ],
              "message": "",
              "name": "Context.Provider",
              "status": "INLINED",
            },
            Object {
              "children": Array [
                Object {
                  "children": Array [],
                  "message": "",
                  "name": "Context.Consumer",
                  "status": "INLINED",
                },
              ],
              "message": "",
              "name": "Child",
              "status": "INLINED",
            },
          ],
          "message": "",
          "name": "Context.Provider",
          "status": "INLINED",
        },
      ],
      "message": "",
      "name": "App",
      "status": "ROOT",
    },
  ],
  "inlinedComponents": 6,
  "optimizedNestedClosures": 0,
  "optimizedTrees": 1,
}
`;

exports[`React Context 4 4`] = `
ReactStatistics {
  "componentsEvaluated": 7,
  "evaluatedRootNodes": Array [
    Object {
      "children": Array [
        Object {
          "children": Array [
            Object {
              "children": Array [
                Object {
                  "children": Array [
                    Object {
                      "children": Array [],
                      "message": "",
                      "name": "Context.Consumer",
                      "status": "INLINED",
                    },
                  ],
                  "message": "",
                  "name": "Child",
                  "status": "INLINED",
                },
              ],
              "message": "",
              "name": "Context.Provider",
              "status": "INLINED",
            },
            Object {
              "children": Array [
                Object {
                  "children": Array [],
                  "message": "",
                  "name": "Context.Consumer",
                  "status": "INLINED",
                },
              ],
              "message": "",
              "name": "Child",
              "status": "INLINED",
            },
          ],
          "message": "",
          "name": "Context.Provider",
          "status": "INLINED",
        },
      ],
      "message": "",
      "name": "App",
      "status": "ROOT",
    },
  ],
  "inlinedComponents": 6,
  "optimizedNestedClosures": 0,
  "optimizedTrees": 1,
}
`;

exports[`React Context 5 1`] = `
ReactStatistics {
  "componentsEvaluated": 5,
  "evaluatedRootNodes": Array [
    Object {
      "children": Array [
        Object {
          "children": Array [
            Object {
              "children": Array [
                Object {
                  "children": Array [],
                  "message": "",
                  "name": "Context.Consumer",
                  "status": "INLINED",
                },
              ],
              "message": "",
              "name": "Child",
              "status": "INLINED",
            },
          ],
          "message": "",
          "name": "Context.Provider",
          "status": "INLINED",
        },
        Object {
          "children": Array [
            Object {
              "children": Array [],
              "message": "",
              "name": "Context.Consumer",
              "status": "RENDER_PROPS",
            },
          ],
          "message": "",
          "name": "Child",
          "status": "INLINED",
        },
      ],
      "message": "",
      "name": "App",
      "status": "ROOT",
    },
  ],
  "inlinedComponents": 4,
  "optimizedNestedClosures": 1,
  "optimizedTrees": 1,
}
`;

exports[`React Context 5 2`] = `
ReactStatistics {
  "componentsEvaluated": 5,
  "evaluatedRootNodes": Array [
    Object {
      "children": Array [
        Object {
          "children": Array [
            Object {
              "children": Array [
                Object {
                  "children": Array [],
                  "message": "",
                  "name": "Context.Consumer",
                  "status": "INLINED",
                },
              ],
              "message": "",
              "name": "Child",
              "status": "INLINED",
            },
          ],
          "message": "",
          "name": "Context.Provider",
          "status": "INLINED",
        },
        Object {
          "children": Array [
            Object {
              "children": Array [],
              "message": "",
              "name": "Context.Consumer",
              "status": "RENDER_PROPS",
            },
          ],
          "message": "",
          "name": "Child",
          "status": "INLINED",
        },
      ],
      "message": "",
      "name": "App",
      "status": "ROOT",
    },
  ],
  "inlinedComponents": 4,
  "optimizedNestedClosures": 1,
  "optimizedTrees": 1,
}
`;

exports[`React Context 5 3`] = `
ReactStatistics {
  "componentsEvaluated": 5,
  "evaluatedRootNodes": Array [
    Object {
      "children": Array [
        Object {
          "children": Array [
            Object {
              "children": Array [
                Object {
                  "children": Array [],
                  "message": "",
                  "name": "Context.Consumer",
                  "status": "INLINED",
                },
              ],
              "message": "",
              "name": "Child",
              "status": "INLINED",
            },
          ],
          "message": "",
          "name": "Context.Provider",
          "status": "INLINED",
        },
        Object {
          "children": Array [
            Object {
              "children": Array [],
              "message": "",
              "name": "Context.Consumer",
              "status": "RENDER_PROPS",
            },
          ],
          "message": "",
          "name": "Child",
          "status": "INLINED",
        },
      ],
      "message": "",
      "name": "App",
      "status": "ROOT",
    },
  ],
  "inlinedComponents": 4,
  "optimizedNestedClosures": 1,
  "optimizedTrees": 1,
}
`;

exports[`React Context 5 4`] = `
ReactStatistics {
  "componentsEvaluated": 5,
  "evaluatedRootNodes": Array [
    Object {
      "children": Array [
        Object {
          "children": Array [
            Object {
              "children": Array [
                Object {
                  "children": Array [],
                  "message": "",
                  "name": "Context.Consumer",
                  "status": "INLINED",
                },
              ],
              "message": "",
              "name": "Child",
              "status": "INLINED",
            },
          ],
          "message": "",
          "name": "Context.Provider",
          "status": "INLINED",
        },
        Object {
          "children": Array [
            Object {
              "children": Array [],
              "message": "",
              "name": "Context.Consumer",
              "status": "RENDER_PROPS",
            },
          ],
          "message": "",
          "name": "Child",
          "status": "INLINED",
        },
      ],
      "message": "",
      "name": "App",
      "status": "ROOT",
    },
  ],
  "inlinedComponents": 4,
  "optimizedNestedClosures": 1,
  "optimizedTrees": 1,
}
`;

exports[`React Context 6 1`] = `
ReactStatistics {
  "componentsEvaluated": 4,
  "evaluatedRootNodes": Array [
    Object {
      "children": Array [
        Object {
          "children": Array [
            Object {
              "children": Array [
                Object {
                  "children": Array [],
                  "message": "",
                  "name": "Context.Consumer",
                  "status": "INLINED",
                },
              ],
              "message": "",
              "name": "Child",
              "status": "INLINED",
            },
          ],
          "message": "",
          "name": "Context.Provider",
          "status": "INLINED",
        },
      ],
      "message": "",
      "name": "App",
      "status": "ROOT",
    },
  ],
  "inlinedComponents": 3,
  "optimizedNestedClosures": 0,
  "optimizedTrees": 1,
}
`;

exports[`React Context 6 2`] = `
ReactStatistics {
  "componentsEvaluated": 4,
  "evaluatedRootNodes": Array [
    Object {
      "children": Array [
        Object {
          "children": Array [
            Object {
              "children": Array [
                Object {
                  "children": Array [],
                  "message": "",
                  "name": "Context.Consumer",
                  "status": "INLINED",
                },
              ],
              "message": "",
              "name": "Child",
              "status": "INLINED",
            },
          ],
          "message": "",
          "name": "Context.Provider",
          "status": "INLINED",
        },
      ],
      "message": "",
      "name": "App",
      "status": "ROOT",
    },
  ],
  "inlinedComponents": 3,
  "optimizedNestedClosures": 0,
  "optimizedTrees": 1,
}
`;

exports[`React Context 6 3`] = `
ReactStatistics {
  "componentsEvaluated": 4,
  "evaluatedRootNodes": Array [
    Object {
      "children": Array [
        Object {
          "children": Array [
            Object {
              "children": Array [
                Object {
                  "children": Array [],
                  "message": "",
                  "name": "Context.Consumer",
                  "status": "INLINED",
                },
              ],
              "message": "",
              "name": "Child",
              "status": "INLINED",
            },
          ],
          "message": "",
          "name": "Context.Provider",
          "status": "INLINED",
        },
      ],
      "message": "",
      "name": "App",
      "status": "ROOT",
    },
  ],
  "inlinedComponents": 3,
  "optimizedNestedClosures": 0,
  "optimizedTrees": 1,
}
`;

exports[`React Context 6 4`] = `
ReactStatistics {
  "componentsEvaluated": 4,
  "evaluatedRootNodes": Array [
    Object {
      "children": Array [
        Object {
          "children": Array [
            Object {
              "children": Array [
                Object {
                  "children": Array [],
                  "message": "",
                  "name": "Context.Consumer",
                  "status": "INLINED",
                },
              ],
              "message": "",
              "name": "Child",
              "status": "INLINED",
            },
          ],
          "message": "",
          "name": "Context.Provider",
          "status": "INLINED",
        },
      ],
      "message": "",
      "name": "App",
      "status": "ROOT",
    },
  ],
  "inlinedComponents": 3,
  "optimizedNestedClosures": 0,
  "optimizedTrees": 1,
}
`;

exports[`React Context 7 1`] = `
ReactStatistics {
  "componentsEvaluated": 3,
  "evaluatedRootNodes": Array [
    Object {
      "children": Array [
        Object {
          "children": Array [
            Object {
              "children": Array [
                Object {
                  "children": Array [],
                  "message": "",
                  "name": "Context.Consumer",
                  "status": "RENDER_PROPS",
                },
              ],
              "message": "",
              "name": "Child",
              "status": "INLINED",
            },
          ],
          "message": "",
          "name": "Context.Provider",
          "status": "NORMAL",
        },
      ],
      "message": "",
      "name": "App",
      "status": "ROOT",
    },
  ],
  "inlinedComponents": 1,
  "optimizedNestedClosures": 1,
  "optimizedTrees": 1,
}
`;

exports[`React Context 7 2`] = `
ReactStatistics {
  "componentsEvaluated": 3,
  "evaluatedRootNodes": Array [
    Object {
      "children": Array [
        Object {
          "children": Array [
            Object {
              "children": Array [
                Object {
                  "children": Array [],
                  "message": "",
                  "name": "Context.Consumer",
                  "status": "RENDER_PROPS",
                },
              ],
              "message": "",
              "name": "Child",
              "status": "INLINED",
            },
          ],
          "message": "",
          "name": "Context.Provider",
          "status": "NORMAL",
        },
      ],
      "message": "",
      "name": "App",
      "status": "ROOT",
    },
  ],
  "inlinedComponents": 1,
  "optimizedNestedClosures": 1,
  "optimizedTrees": 1,
}
`;

exports[`React Context 7 3`] = `
ReactStatistics {
  "componentsEvaluated": 3,
  "evaluatedRootNodes": Array [
    Object {
      "children": Array [
        Object {
          "children": Array [
            Object {
              "children": Array [
                Object {
                  "children": Array [],
                  "message": "",
                  "name": "Context.Consumer",
                  "status": "RENDER_PROPS",
                },
              ],
              "message": "",
              "name": "Child",
              "status": "INLINED",
            },
          ],
          "message": "",
          "name": "Context.Provider",
          "status": "NORMAL",
        },
      ],
      "message": "",
      "name": "App",
      "status": "ROOT",
    },
  ],
  "inlinedComponents": 1,
  "optimizedNestedClosures": 1,
  "optimizedTrees": 1,
}
`;

exports[`React Context 7 4`] = `
ReactStatistics {
  "componentsEvaluated": 3,
  "evaluatedRootNodes": Array [
    Object {
      "children": Array [
        Object {
          "children": Array [
            Object {
              "children": Array [
                Object {
                  "children": Array [],
                  "message": "",
                  "name": "Context.Consumer",
                  "status": "RENDER_PROPS",
                },
              ],
              "message": "",
              "name": "Child",
              "status": "INLINED",
            },
          ],
          "message": "",
          "name": "Context.Provider",
          "status": "NORMAL",
        },
      ],
      "message": "",
      "name": "App",
      "status": "ROOT",
    },
  ],
  "inlinedComponents": 1,
  "optimizedNestedClosures": 1,
  "optimizedTrees": 1,
}
`;

exports[`React Context from root tree 1`] = `
ReactStatistics {
  "componentsEvaluated": 6,
  "evaluatedRootNodes": Array [
    Object {
      "children": Array [
        Object {
          "children": Array [
            Object {
              "children": Array [
                Object {
                  "children": Array [],
                  "message": "",
                  "name": "Context.Consumer",
                  "status": "INLINED",
                },
              ],
              "message": "",
              "name": "Child",
              "status": "INLINED",
            },
          ],
          "message": "",
          "name": "Context.Provider",
          "status": "INLINED",
        },
        Object {
          "children": Array [
            Object {
              "children": Array [],
              "message": "",
              "name": "Context.Consumer",
              "status": "INLINED",
            },
          ],
          "message": "",
          "name": "Child",
          "status": "INLINED",
        },
      ],
      "message": "",
      "name": "App",
      "status": "ROOT",
    },
  ],
  "inlinedComponents": 5,
  "optimizedNestedClosures": 0,
  "optimizedTrees": 1,
}
`;

exports[`React Context from root tree 2`] = `
ReactStatistics {
  "componentsEvaluated": 6,
  "evaluatedRootNodes": Array [
    Object {
      "children": Array [
        Object {
          "children": Array [
            Object {
              "children": Array [
                Object {
                  "children": Array [],
                  "message": "",
                  "name": "Context.Consumer",
                  "status": "INLINED",
                },
              ],
              "message": "",
              "name": "Child",
              "status": "INLINED",
            },
          ],
          "message": "",
          "name": "Context.Provider",
          "status": "INLINED",
        },
        Object {
          "children": Array [
            Object {
              "children": Array [],
              "message": "",
              "name": "Context.Consumer",
              "status": "INLINED",
            },
          ],
          "message": "",
          "name": "Child",
          "status": "INLINED",
        },
      ],
      "message": "",
      "name": "App",
      "status": "ROOT",
    },
  ],
  "inlinedComponents": 5,
  "optimizedNestedClosures": 0,
  "optimizedTrees": 1,
}
`;

exports[`React Context from root tree 2 1`] = `
ReactStatistics {
  "componentsEvaluated": 7,
  "evaluatedRootNodes": Array [
    Object {
      "children": Array [
        Object {
          "children": Array [
            Object {
              "children": Array [
                Object {
                  "children": Array [
                    Object {
                      "children": Array [],
                      "message": "",
                      "name": "Context.Consumer",
                      "status": "INLINED",
                    },
                  ],
                  "message": "",
                  "name": "Child",
                  "status": "INLINED",
                },
              ],
              "message": "",
              "name": "Context.Provider",
              "status": "INLINED",
            },
            Object {
              "children": Array [
                Object {
                  "children": Array [],
                  "message": "",
                  "name": "Context.Consumer",
                  "status": "INLINED",
                },
              ],
              "message": "",
              "name": "Child",
              "status": "INLINED",
            },
          ],
          "message": "",
          "name": "Context.Provider",
          "status": "INLINED",
        },
      ],
      "message": "",
      "name": "App",
      "status": "ROOT",
    },
  ],
  "inlinedComponents": 6,
  "optimizedNestedClosures": 0,
  "optimizedTrees": 1,
}
`;

exports[`React Context from root tree 2 2`] = `
ReactStatistics {
  "componentsEvaluated": 7,
  "evaluatedRootNodes": Array [
    Object {
      "children": Array [
        Object {
          "children": Array [
            Object {
              "children": Array [
                Object {
                  "children": Array [
                    Object {
                      "children": Array [],
                      "message": "",
                      "name": "Context.Consumer",
                      "status": "INLINED",
                    },
                  ],
                  "message": "",
                  "name": "Child",
                  "status": "INLINED",
                },
              ],
              "message": "",
              "name": "Context.Provider",
              "status": "INLINED",
            },
            Object {
              "children": Array [
                Object {
                  "children": Array [],
                  "message": "",
                  "name": "Context.Consumer",
                  "status": "INLINED",
                },
              ],
              "message": "",
              "name": "Child",
              "status": "INLINED",
            },
          ],
          "message": "",
          "name": "Context.Provider",
          "status": "INLINED",
        },
      ],
      "message": "",
      "name": "App",
      "status": "ROOT",
    },
  ],
  "inlinedComponents": 6,
  "optimizedNestedClosures": 0,
  "optimizedTrees": 1,
}
`;

exports[`React Context from root tree 2 3`] = `
ReactStatistics {
  "componentsEvaluated": 7,
  "evaluatedRootNodes": Array [
    Object {
      "children": Array [
        Object {
          "children": Array [
            Object {
              "children": Array [
                Object {
                  "children": Array [
                    Object {
                      "children": Array [],
                      "message": "",
                      "name": "Context.Consumer",
                      "status": "INLINED",
                    },
                  ],
                  "message": "",
                  "name": "Child",
                  "status": "INLINED",
                },
              ],
              "message": "",
              "name": "Context.Provider",
              "status": "INLINED",
            },
            Object {
              "children": Array [
                Object {
                  "children": Array [],
                  "message": "",
                  "name": "Context.Consumer",
                  "status": "INLINED",
                },
              ],
              "message": "",
              "name": "Child",
              "status": "INLINED",
            },
          ],
          "message": "",
          "name": "Context.Provider",
          "status": "INLINED",
        },
      ],
      "message": "",
      "name": "App",
      "status": "ROOT",
    },
  ],
  "inlinedComponents": 6,
  "optimizedNestedClosures": 0,
  "optimizedTrees": 1,
}
`;

exports[`React Context from root tree 2 4`] = `
ReactStatistics {
  "componentsEvaluated": 7,
  "evaluatedRootNodes": Array [
    Object {
      "children": Array [
        Object {
          "children": Array [
            Object {
              "children": Array [
                Object {
                  "children": Array [
                    Object {
                      "children": Array [],
                      "message": "",
                      "name": "Context.Consumer",
                      "status": "INLINED",
                    },
                  ],
                  "message": "",
                  "name": "Child",
                  "status": "INLINED",
                },
              ],
              "message": "",
              "name": "Context.Provider",
              "status": "INLINED",
            },
            Object {
              "children": Array [
                Object {
                  "children": Array [],
                  "message": "",
                  "name": "Context.Consumer",
                  "status": "INLINED",
                },
              ],
              "message": "",
              "name": "Child",
              "status": "INLINED",
            },
          ],
          "message": "",
          "name": "Context.Provider",
          "status": "INLINED",
        },
      ],
      "message": "",
      "name": "App",
      "status": "ROOT",
    },
  ],
  "inlinedComponents": 6,
  "optimizedNestedClosures": 0,
  "optimizedTrees": 1,
}
`;

exports[`React Context from root tree 3`] = `
ReactStatistics {
  "componentsEvaluated": 6,
  "evaluatedRootNodes": Array [
    Object {
      "children": Array [
        Object {
          "children": Array [
            Object {
              "children": Array [
                Object {
                  "children": Array [],
                  "message": "",
                  "name": "Context.Consumer",
                  "status": "INLINED",
                },
              ],
              "message": "",
              "name": "Child",
              "status": "INLINED",
            },
          ],
          "message": "",
          "name": "Context.Provider",
          "status": "INLINED",
        },
        Object {
          "children": Array [
            Object {
              "children": Array [],
              "message": "",
              "name": "Context.Consumer",
              "status": "INLINED",
            },
          ],
          "message": "",
          "name": "Child",
          "status": "INLINED",
        },
      ],
      "message": "",
      "name": "App",
      "status": "ROOT",
    },
  ],
  "inlinedComponents": 5,
  "optimizedNestedClosures": 0,
  "optimizedTrees": 1,
}
`;

exports[`React Context from root tree 3 1`] = `
ReactStatistics {
  "componentsEvaluated": 7,
  "evaluatedRootNodes": Array [
    Object {
      "children": Array [
        Object {
          "children": Array [
            Object {
              "children": Array [
                Object {
                  "children": Array [
                    Object {
                      "children": Array [],
                      "message": "",
                      "name": "Context.Consumer",
                      "status": "INLINED",
                    },
                  ],
                  "message": "",
                  "name": "Child",
                  "status": "INLINED",
                },
              ],
              "message": "",
              "name": "Context.Provider",
              "status": "INLINED",
            },
            Object {
              "children": Array [
                Object {
                  "children": Array [],
                  "message": "",
                  "name": "Context.Consumer",
                  "status": "INLINED",
                },
              ],
              "message": "",
              "name": "Child",
              "status": "INLINED",
            },
          ],
          "message": "",
          "name": "Context.Provider",
          "status": "INLINED",
        },
      ],
      "message": "",
      "name": "App",
      "status": "ROOT",
    },
  ],
  "inlinedComponents": 6,
  "optimizedNestedClosures": 0,
  "optimizedTrees": 1,
}
`;

exports[`React Context from root tree 3 2`] = `
ReactStatistics {
  "componentsEvaluated": 7,
  "evaluatedRootNodes": Array [
    Object {
      "children": Array [
        Object {
          "children": Array [
            Object {
              "children": Array [
                Object {
                  "children": Array [
                    Object {
                      "children": Array [],
                      "message": "",
                      "name": "Context.Consumer",
                      "status": "INLINED",
                    },
                  ],
                  "message": "",
                  "name": "Child",
                  "status": "INLINED",
                },
              ],
              "message": "",
              "name": "Context.Provider",
              "status": "INLINED",
            },
            Object {
              "children": Array [
                Object {
                  "children": Array [],
                  "message": "",
                  "name": "Context.Consumer",
                  "status": "INLINED",
                },
              ],
              "message": "",
              "name": "Child",
              "status": "INLINED",
            },
          ],
          "message": "",
          "name": "Context.Provider",
          "status": "INLINED",
        },
      ],
      "message": "",
      "name": "App",
      "status": "ROOT",
    },
  ],
  "inlinedComponents": 6,
  "optimizedNestedClosures": 0,
  "optimizedTrees": 1,
}
`;

exports[`React Context from root tree 3 3`] = `
ReactStatistics {
  "componentsEvaluated": 7,
  "evaluatedRootNodes": Array [
    Object {
      "children": Array [
        Object {
          "children": Array [
            Object {
              "children": Array [
                Object {
                  "children": Array [
                    Object {
                      "children": Array [],
                      "message": "",
                      "name": "Context.Consumer",
                      "status": "INLINED",
                    },
                  ],
                  "message": "",
                  "name": "Child",
                  "status": "INLINED",
                },
              ],
              "message": "",
              "name": "Context.Provider",
              "status": "INLINED",
            },
            Object {
              "children": Array [
                Object {
                  "children": Array [],
                  "message": "",
                  "name": "Context.Consumer",
                  "status": "INLINED",
                },
              ],
              "message": "",
              "name": "Child",
              "status": "INLINED",
            },
          ],
          "message": "",
          "name": "Context.Provider",
          "status": "INLINED",
        },
      ],
      "message": "",
      "name": "App",
      "status": "ROOT",
    },
  ],
  "inlinedComponents": 6,
  "optimizedNestedClosures": 0,
  "optimizedTrees": 1,
}
`;

exports[`React Context from root tree 3 4`] = `
ReactStatistics {
  "componentsEvaluated": 7,
  "evaluatedRootNodes": Array [
    Object {
      "children": Array [
        Object {
          "children": Array [
            Object {
              "children": Array [
                Object {
                  "children": Array [
                    Object {
                      "children": Array [],
                      "message": "",
                      "name": "Context.Consumer",
                      "status": "INLINED",
                    },
                  ],
                  "message": "",
                  "name": "Child",
                  "status": "INLINED",
                },
              ],
              "message": "",
              "name": "Context.Provider",
              "status": "INLINED",
            },
            Object {
              "children": Array [
                Object {
                  "children": Array [],
                  "message": "",
                  "name": "Context.Consumer",
                  "status": "INLINED",
                },
              ],
              "message": "",
              "name": "Child",
              "status": "INLINED",
            },
          ],
          "message": "",
          "name": "Context.Provider",
          "status": "INLINED",
        },
      ],
      "message": "",
      "name": "App",
      "status": "ROOT",
    },
  ],
  "inlinedComponents": 6,
  "optimizedNestedClosures": 0,
  "optimizedTrees": 1,
}
`;

exports[`React Context from root tree 4`] = `
ReactStatistics {
  "componentsEvaluated": 6,
  "evaluatedRootNodes": Array [
    Object {
      "children": Array [
        Object {
          "children": Array [
            Object {
              "children": Array [
                Object {
                  "children": Array [],
                  "message": "",
                  "name": "Context.Consumer",
                  "status": "INLINED",
                },
              ],
              "message": "",
              "name": "Child",
              "status": "INLINED",
            },
          ],
          "message": "",
          "name": "Context.Provider",
          "status": "INLINED",
        },
        Object {
          "children": Array [
            Object {
              "children": Array [],
              "message": "",
              "name": "Context.Consumer",
              "status": "INLINED",
            },
          ],
          "message": "",
          "name": "Child",
          "status": "INLINED",
        },
      ],
      "message": "",
      "name": "App",
      "status": "ROOT",
    },
  ],
  "inlinedComponents": 5,
  "optimizedNestedClosures": 0,
  "optimizedTrees": 1,
}
`;

exports[`React Context from root tree 4 1`] = `
ReactStatistics {
  "componentsEvaluated": 3,
  "evaluatedRootNodes": Array [
    Object {
      "children": Array [
        Object {
          "children": Array [
            Object {
              "children": Array [
                Object {
                  "children": Array [],
                  "message": "",
                  "name": "Context.Consumer",
                  "status": "RENDER_PROPS",
                },
              ],
              "message": "",
              "name": "Child",
              "status": "INLINED",
            },
          ],
          "message": "",
          "name": "Context.Provider",
          "status": "NORMAL",
        },
      ],
      "message": "",
      "name": "App",
      "status": "ROOT",
    },
  ],
  "inlinedComponents": 1,
  "optimizedNestedClosures": 1,
  "optimizedTrees": 1,
}
`;

exports[`React Context from root tree 4 2`] = `
ReactStatistics {
  "componentsEvaluated": 3,
  "evaluatedRootNodes": Array [
    Object {
      "children": Array [
        Object {
          "children": Array [
            Object {
              "children": Array [
                Object {
                  "children": Array [],
                  "message": "",
                  "name": "Context.Consumer",
                  "status": "RENDER_PROPS",
                },
              ],
              "message": "",
              "name": "Child",
              "status": "INLINED",
            },
          ],
          "message": "",
          "name": "Context.Provider",
          "status": "NORMAL",
        },
      ],
      "message": "",
      "name": "App",
      "status": "ROOT",
    },
  ],
  "inlinedComponents": 1,
  "optimizedNestedClosures": 1,
  "optimizedTrees": 1,
}
`;

exports[`React Context from root tree 4 3`] = `
ReactStatistics {
  "componentsEvaluated": 3,
  "evaluatedRootNodes": Array [
    Object {
      "children": Array [
        Object {
          "children": Array [
            Object {
              "children": Array [
                Object {
                  "children": Array [],
                  "message": "",
                  "name": "Context.Consumer",
                  "status": "RENDER_PROPS",
                },
              ],
              "message": "",
              "name": "Child",
              "status": "INLINED",
            },
          ],
          "message": "",
          "name": "Context.Provider",
          "status": "NORMAL",
        },
      ],
      "message": "",
      "name": "App",
      "status": "ROOT",
    },
  ],
  "inlinedComponents": 1,
  "optimizedNestedClosures": 1,
  "optimizedTrees": 1,
}
`;

exports[`React Context from root tree 4 4`] = `
ReactStatistics {
  "componentsEvaluated": 3,
  "evaluatedRootNodes": Array [
    Object {
      "children": Array [
        Object {
          "children": Array [
            Object {
              "children": Array [
                Object {
                  "children": Array [],
                  "message": "",
                  "name": "Context.Consumer",
                  "status": "RENDER_PROPS",
                },
              ],
              "message": "",
              "name": "Child",
              "status": "INLINED",
            },
          ],
          "message": "",
          "name": "Context.Provider",
          "status": "NORMAL",
        },
      ],
      "message": "",
      "name": "App",
      "status": "ROOT",
    },
  ],
  "inlinedComponents": 1,
  "optimizedNestedClosures": 1,
  "optimizedTrees": 1,
}
`;

exports[`Relay QueryRenderer 1`] = `
ReactStatistics {
  "componentsEvaluated": 1,
  "evaluatedRootNodes": Array [
    Object {
      "children": Array [
        Object {
          "children": Array [],
          "message": "",
          "name": "QueryRenderer",
          "status": "RENDER_PROPS",
        },
      ],
      "message": "",
      "name": "App",
      "status": "ROOT",
    },
  ],
  "inlinedComponents": 0,
  "optimizedNestedClosures": 1,
  "optimizedTrees": 1,
}
`;

exports[`Relay QueryRenderer 2`] = `
ReactStatistics {
  "componentsEvaluated": 1,
  "evaluatedRootNodes": Array [
    Object {
      "children": Array [
        Object {
          "children": Array [],
          "message": "",
          "name": "QueryRenderer",
          "status": "RENDER_PROPS",
        },
      ],
      "message": "",
      "name": "App",
      "status": "ROOT",
    },
  ],
  "inlinedComponents": 0,
  "optimizedNestedClosures": 1,
  "optimizedTrees": 1,
}
`;

exports[`Relay QueryRenderer 2 1`] = `
ReactStatistics {
  "componentsEvaluated": 1,
  "evaluatedRootNodes": Array [
    Object {
      "children": Array [
        Object {
          "children": Array [],
          "message": "",
          "name": "QueryRenderer",
          "status": "RENDER_PROPS",
        },
      ],
      "message": "",
      "name": "App",
      "status": "ROOT",
    },
  ],
  "inlinedComponents": 0,
  "optimizedNestedClosures": 1,
  "optimizedTrees": 1,
}
`;

exports[`Relay QueryRenderer 2 2`] = `
ReactStatistics {
  "componentsEvaluated": 1,
  "evaluatedRootNodes": Array [
    Object {
      "children": Array [
        Object {
          "children": Array [],
          "message": "",
          "name": "QueryRenderer",
          "status": "RENDER_PROPS",
        },
      ],
      "message": "",
      "name": "App",
      "status": "ROOT",
    },
  ],
  "inlinedComponents": 0,
  "optimizedNestedClosures": 1,
  "optimizedTrees": 1,
}
`;

exports[`Relay QueryRenderer 2 3`] = `
ReactStatistics {
  "componentsEvaluated": 1,
  "evaluatedRootNodes": Array [
    Object {
      "children": Array [
        Object {
          "children": Array [],
          "message": "",
          "name": "QueryRenderer",
          "status": "RENDER_PROPS",
        },
      ],
      "message": "",
      "name": "App",
      "status": "ROOT",
    },
  ],
  "inlinedComponents": 0,
  "optimizedNestedClosures": 1,
  "optimizedTrees": 1,
}
`;

exports[`Relay QueryRenderer 2 4`] = `
ReactStatistics {
  "componentsEvaluated": 1,
  "evaluatedRootNodes": Array [
    Object {
      "children": Array [
        Object {
          "children": Array [],
          "message": "",
          "name": "QueryRenderer",
          "status": "RENDER_PROPS",
        },
      ],
      "message": "",
      "name": "App",
      "status": "ROOT",
    },
  ],
  "inlinedComponents": 0,
  "optimizedNestedClosures": 1,
  "optimizedTrees": 1,
}
`;

exports[`Relay QueryRenderer 3`] = `
ReactStatistics {
  "componentsEvaluated": 1,
  "evaluatedRootNodes": Array [
    Object {
      "children": Array [
        Object {
          "children": Array [],
          "message": "",
          "name": "QueryRenderer",
          "status": "RENDER_PROPS",
        },
      ],
      "message": "",
      "name": "App",
      "status": "ROOT",
    },
  ],
  "inlinedComponents": 0,
  "optimizedNestedClosures": 1,
  "optimizedTrees": 1,
}
`;

exports[`Relay QueryRenderer 3 1`] = `
ReactStatistics {
  "componentsEvaluated": 3,
  "evaluatedRootNodes": Array [
    Object {
      "children": Array [
        Object {
          "children": Array [
            Object {
              "children": Array [],
              "message": "",
              "name": "SomeClassThatShouldNotMakeRootAClass",
              "status": "NEW_TREE",
            },
          ],
          "message": "",
          "name": "QueryRenderer",
          "status": "RENDER_PROPS",
        },
      ],
      "message": "",
      "name": "App",
      "status": "ROOT",
    },
  ],
  "inlinedComponents": 0,
  "optimizedNestedClosures": 1,
  "optimizedTrees": 2,
}
`;

exports[`Relay QueryRenderer 3 2`] = `
ReactStatistics {
  "componentsEvaluated": 3,
  "evaluatedRootNodes": Array [
    Object {
      "children": Array [
        Object {
          "children": Array [
            Object {
              "children": Array [],
              "message": "",
              "name": "SomeClassThatShouldNotMakeRootAClass",
              "status": "NEW_TREE",
            },
          ],
          "message": "",
          "name": "QueryRenderer",
          "status": "RENDER_PROPS",
        },
      ],
      "message": "",
      "name": "App",
      "status": "ROOT",
    },
  ],
  "inlinedComponents": 0,
  "optimizedNestedClosures": 1,
  "optimizedTrees": 2,
}
`;

exports[`Relay QueryRenderer 3 3`] = `
ReactStatistics {
  "componentsEvaluated": 3,
  "evaluatedRootNodes": Array [
    Object {
      "children": Array [
        Object {
          "children": Array [
            Object {
              "children": Array [],
              "message": "",
              "name": "SomeClassThatShouldNotMakeRootAClass",
              "status": "NEW_TREE",
            },
          ],
          "message": "",
          "name": "QueryRenderer",
          "status": "RENDER_PROPS",
        },
      ],
      "message": "",
      "name": "App",
      "status": "ROOT",
    },
  ],
  "inlinedComponents": 0,
  "optimizedNestedClosures": 1,
  "optimizedTrees": 2,
}
`;

exports[`Relay QueryRenderer 3 4`] = `
ReactStatistics {
  "componentsEvaluated": 3,
  "evaluatedRootNodes": Array [
    Object {
      "children": Array [
        Object {
          "children": Array [
            Object {
              "children": Array [],
              "message": "",
              "name": "SomeClassThatShouldNotMakeRootAClass",
              "status": "NEW_TREE",
            },
          ],
          "message": "",
          "name": "QueryRenderer",
          "status": "RENDER_PROPS",
        },
      ],
      "message": "",
      "name": "App",
      "status": "ROOT",
    },
  ],
  "inlinedComponents": 0,
  "optimizedNestedClosures": 1,
  "optimizedTrees": 2,
}
`;

exports[`Relay QueryRenderer 4`] = `
ReactStatistics {
  "componentsEvaluated": 1,
  "evaluatedRootNodes": Array [
    Object {
      "children": Array [
        Object {
          "children": Array [],
          "message": "",
          "name": "QueryRenderer",
          "status": "RENDER_PROPS",
        },
      ],
      "message": "",
      "name": "App",
      "status": "ROOT",
    },
  ],
  "inlinedComponents": 0,
  "optimizedNestedClosures": 1,
  "optimizedTrees": 1,
}
`;
