// Jest Snapshot v1, https://goo.gl/fbAQLP

exports[`Test React with JSX input, JSX output fb-www mocks fb-www 18 1`] = `
ReactStatistics {
  "componentsEvaluated": 1,
  "evaluatedRootNodes": Array [
    Object {
      "children": Array [],
      "message": "",
      "name": "App",
      "status": "ROOT",
    },
  ],
  "inlinedComponents": 0,
  "optimizedNestedClosures": 0,
  "optimizedTrees": 1,
}
`;

exports[`Test React with JSX input, create-element output fb-www mocks fb-www 18 1`] = `
ReactStatistics {
  "componentsEvaluated": 1,
  "evaluatedRootNodes": Array [
    Object {
      "children": Array [],
      "message": "",
      "name": "App",
      "status": "ROOT",
    },
  ],
  "inlinedComponents": 0,
  "optimizedNestedClosures": 0,
  "optimizedTrees": 1,
}
`;

exports[`Test React with create-element input, JSX output fb-www mocks fb-www 18 1`] = `
ReactStatistics {
  "componentsEvaluated": 1,
  "evaluatedRootNodes": Array [
    Object {
      "children": Array [],
      "message": "",
      "name": "App",
      "status": "ROOT",
    },
  ],
  "inlinedComponents": 0,
  "optimizedNestedClosures": 0,
  "optimizedTrees": 1,
}
`;

exports[`Test React with create-element input, create-element output fb-www mocks fb-www 18 1`] = `
ReactStatistics {
  "componentsEvaluated": 1,
  "evaluatedRootNodes": Array [
    Object {
      "children": Array [],
      "message": "",
      "name": "App",
      "status": "ROOT",
    },
  ],
  "inlinedComponents": 0,
  "optimizedNestedClosures": 0,
  "optimizedTrees": 1,
}
`;
